Archive member included to satisfy reference by file (symbol)

c:/ac6/systemworkbench/plugins/fr.ac6.mcu.externaltools.arm-none.win32_1.15.0.201708311556/tools/compiler/bin/../lib/gcc/arm-none-eabi/6.3.1/thumb/v7e-m/fpv4-sp/hard\libgcc.a(_arm_addsubdf3.o)
                              STM32_Library/HD44780-master/hd44780.o (__aeabi_dsub)
c:/ac6/systemworkbench/plugins/fr.ac6.mcu.externaltools.arm-none.win32_1.15.0.201708311556/tools/compiler/bin/../lib/gcc/arm-none-eabi/6.3.1/thumb/v7e-m/fpv4-sp/hard\libgcc.a(_arm_muldivdf3.o)
                              STM32_Library/HD44780-master/hd44780.o (__aeabi_dmul)
c:/ac6/systemworkbench/plugins/fr.ac6.mcu.externaltools.arm-none.win32_1.15.0.201708311556/tools/compiler/bin/../lib/gcc/arm-none-eabi/6.3.1/thumb/v7e-m/fpv4-sp/hard\libgcc.a(_arm_cmpdf2.o)
                              STM32_Library/HD44780-master/hd44780.o (__aeabi_dcmplt)
c:/ac6/systemworkbench/plugins/fr.ac6.mcu.externaltools.arm-none.win32_1.15.0.201708311556/tools/compiler/bin/../lib/gcc/arm-none-eabi/6.3.1/thumb/v7e-m/fpv4-sp/hard\libgcc.a(_arm_fixdfsi.o)
                              STM32_Library/HD44780-master/hd44780.o (__aeabi_d2iz)
c:/ac6/systemworkbench/plugins/fr.ac6.mcu.externaltools.arm-none.win32_1.15.0.201708311556/tools/compiler/bin/../lib/gcc/arm-none-eabi/6.3.1/thumb/v7e-m/fpv4-sp/hard\libgcc.a(_arm_fixunsdfsi.o)
                              STM32_Library/HD44780-master/hd44780.o (__aeabi_d2uiz)
c:/ac6/systemworkbench/plugins/fr.ac6.mcu.externaltools.arm-none.win32_1.15.0.201708311556/tools/compiler/bin/../lib/gcc/arm-none-eabi/6.3.1/thumb/v7e-m/fpv4-sp/hard\libgcc.a(_aeabi_uldivmod.o)
                              Drivers/STM32L4xx_HAL_Driver/Src/stm32l4xx_hal_uart.o (__aeabi_uldivmod)
c:/ac6/systemworkbench/plugins/fr.ac6.mcu.externaltools.arm-none.win32_1.15.0.201708311556/tools/compiler/bin/../lib/gcc/arm-none-eabi/6.3.1/thumb/v7e-m/fpv4-sp/hard\libgcc.a(_udivmoddi4.o)
                              c:/ac6/systemworkbench/plugins/fr.ac6.mcu.externaltools.arm-none.win32_1.15.0.201708311556/tools/compiler/bin/../lib/gcc/arm-none-eabi/6.3.1/thumb/v7e-m/fpv4-sp/hard\libgcc.a(_aeabi_uldivmod.o) (__udivmoddi4)
c:/ac6/systemworkbench/plugins/fr.ac6.mcu.externaltools.arm-none.win32_1.15.0.201708311556/tools/compiler/bin/../lib/gcc/arm-none-eabi/6.3.1/thumb/v7e-m/fpv4-sp/hard\libgcc.a(_dvmd_tls.o)
                              c:/ac6/systemworkbench/plugins/fr.ac6.mcu.externaltools.arm-none.win32_1.15.0.201708311556/tools/compiler/bin/../lib/gcc/arm-none-eabi/6.3.1/thumb/v7e-m/fpv4-sp/hard\libgcc.a(_aeabi_uldivmod.o) (__aeabi_ldiv0)
c:/ac6/systemworkbench/plugins/fr.ac6.mcu.externaltools.arm-none.win32_1.15.0.201708311556/tools/compiler/bin/../lib/gcc/arm-none-eabi/6.3.1/../../../../arm-none-eabi/lib/thumb/v7e-m/fpv4-sp/hard\libc_nano.a(lib_a-exit.o)
                              c:/ac6/systemworkbench/plugins/fr.ac6.mcu.externaltools.arm-none.win32_1.15.0.201708311556/tools/compiler/bin/../lib/gcc/arm-none-eabi/6.3.1/../../../../arm-none-eabi/lib/thumb/v7e-m/fpv4-sp/hard/crt0.o (exit)
c:/ac6/systemworkbench/plugins/fr.ac6.mcu.externaltools.arm-none.win32_1.15.0.201708311556/tools/compiler/bin/../lib/gcc/arm-none-eabi/6.3.1/../../../../arm-none-eabi/lib/thumb/v7e-m/fpv4-sp/hard\libc_nano.a(lib_a-impure.o)
                              c:/ac6/systemworkbench/plugins/fr.ac6.mcu.externaltools.arm-none.win32_1.15.0.201708311556/tools/compiler/bin/../lib/gcc/arm-none-eabi/6.3.1/../../../../arm-none-eabi/lib/thumb/v7e-m/fpv4-sp/hard\libc_nano.a(lib_a-exit.o) (_global_impure_ptr)
c:/ac6/systemworkbench/plugins/fr.ac6.mcu.externaltools.arm-none.win32_1.15.0.201708311556/tools/compiler/bin/../lib/gcc/arm-none-eabi/6.3.1/../../../../arm-none-eabi/lib/thumb/v7e-m/fpv4-sp/hard\libc_nano.a(lib_a-init.o)
                              c:/ac6/systemworkbench/plugins/fr.ac6.mcu.externaltools.arm-none.win32_1.15.0.201708311556/tools/compiler/bin/../lib/gcc/arm-none-eabi/6.3.1/../../../../arm-none-eabi/lib/thumb/v7e-m/fpv4-sp/hard/crt0.o (__libc_init_array)
c:/ac6/systemworkbench/plugins/fr.ac6.mcu.externaltools.arm-none.win32_1.15.0.201708311556/tools/compiler/bin/../lib/gcc/arm-none-eabi/6.3.1/../../../../arm-none-eabi/lib/thumb/v7e-m/fpv4-sp/hard\libc_nano.a(lib_a-memcpy-stub.o)
                              Src/main.o (memcpy)
c:/ac6/systemworkbench/plugins/fr.ac6.mcu.externaltools.arm-none.win32_1.15.0.201708311556/tools/compiler/bin/../lib/gcc/arm-none-eabi/6.3.1/../../../../arm-none-eabi/lib/thumb/v7e-m/fpv4-sp/hard\libc_nano.a(lib_a-memset.o)
                              c:/ac6/systemworkbench/plugins/fr.ac6.mcu.externaltools.arm-none.win32_1.15.0.201708311556/tools/compiler/bin/../lib/gcc/arm-none-eabi/6.3.1/../../../../arm-none-eabi/lib/thumb/v7e-m/fpv4-sp/hard/crt0.o (memset)
[...]
Memory Configuration

Name             Origin             Length             Attributes
RAM              0x20000000         0x00018000         xrw
RAM2             0x10000000         0x00008000         xrw
FLASH            0x08000000         0x00100000         xr
*default*        0x00000000         0xffffffff

Linker script and memory map

LOAD c:/ac6/systemworkbench/plugins/fr.ac6.mcu.externaltools.arm-none.win32_1.15.0.201708311556/tools/compiler/bin/../lib/gcc/arm-none-eabi/6.3.1/thumb/v7e-m/fpv4-sp/hard/crti.o
LOAD c:/ac6/systemworkbench/plugins/fr.ac6.mcu.externaltools.arm-none.win32_1.15.0.201708311556/tools/compiler/bin/../lib/gcc/arm-none-eabi/6.3.1/thumb/v7e-m/fpv4-sp/hard/crtbegin.o
LOAD c:/ac6/systemworkbench/plugins/fr.ac6.mcu.externaltools.arm-none.win32_1.15.0.201708311556/tools/compiler/bin/../lib/gcc/arm-none-eabi/6.3.1/../../../../arm-none-eabi/lib/thumb/v7e-m/fpv4-sp/hard/crt0.o
LOAD Drivers/STM32L4xx_HAL_Driver/Src/stm32l4xx_hal.o
LOAD Drivers/STM32L4xx_HAL_Driver/Src/stm32l4xx_hal_adc.o
LOAD Drivers/STM32L4xx_HAL_Driver/Src/stm32l4xx_hal_adc_ex.o
LOAD Drivers/STM32L4xx_HAL_Driver/Src/stm32l4xx_hal_cortex.o
LOAD Drivers/STM32L4xx_HAL_Driver/Src/stm32l4xx_hal_dma.o
LOAD Drivers/STM32L4xx_HAL_Driver/Src/stm32l4xx_hal_dma_ex.o
LOAD Drivers/STM32L4xx_HAL_Driver/Src/stm32l4xx_hal_flash.o
LOAD Drivers/STM32L4xx_HAL_Driver/Src/stm32l4xx_hal_flash_ex.o
LOAD Drivers/STM32L4xx_HAL_Driver/Src/stm32l4xx_hal_flash_ramfunc.o
LOAD Drivers/STM32L4xx_HAL_Driver/Src/stm32l4xx_hal_gpio.o
LOAD Drivers/STM32L4xx_HAL_Driver/Src/stm32l4xx_hal_i2c.o
LOAD Drivers/STM32L4xx_HAL_Driver/Src/stm32l4xx_hal_i2c_ex.o
LOAD Drivers/STM32L4xx_HAL_Driver/Src/stm32l4xx_hal_pwr.o
LOAD Drivers/STM32L4xx_HAL_Driver/Src/stm32l4xx_hal_pwr_ex.o
LOAD Drivers/STM32L4xx_HAL_Driver/Src/stm32l4xx_hal_rcc.o
LOAD Drivers/STM32L4xx_HAL_Driver/Src/stm32l4xx_hal_rcc_ex.o
LOAD Drivers/STM32L4xx_HAL_Driver/Src/stm32l4xx_hal_sd.o
LOAD Drivers/STM32L4xx_HAL_Driver/Src/stm32l4xx_hal_sd_ex.o
LOAD Drivers/STM32L4xx_HAL_Driver/Src/stm32l4xx_hal_tim.o
LOAD Drivers/STM32L4xx_HAL_Driver/Src/stm32l4xx_hal_tim_ex.o
LOAD Drivers/STM32L4xx_HAL_Driver/Src/stm32l4xx_hal_uart.o
LOAD Drivers/STM32L4xx_HAL_Driver/Src/stm32l4xx_hal_uart_ex.o
LOAD Drivers/STM32L4xx_HAL_Driver/Src/stm32l4xx_ll_sdmmc.o
LOAD Middlewares/Third_Party/FatFs/src/diskio.o
LOAD Middlewares/Third_Party/FatFs/src/ff.o
LOAD Middlewares/Third_Party/FatFs/src/ff_gen_drv.o
LOAD Middlewares/Third_Party/FatFs/src/option/syscall.o
LOAD STM32_Library/HD44780-master/hd44780.o
LOAD STM32_Library/PCF8574-master/pcf8574.o
LOAD Src/bsp_driver_sd.o
LOAD Src/fatfs.o
LOAD Src/main.o
LOAD Src/sd_diskio.o
LOAD Src/stm32l4xx_hal_msp.o
LOAD Src/stm32l4xx_it.o
LOAD Src/system_stm32l4xx.o
LOAD startup/startup_stm32l476xx.o
LOAD c:/ac6/systemworkbench/plugins/fr.ac6.mcu.externaltools.arm-none.win32_1.15.0.201708311556/tools/compiler/bin/../lib/gcc/arm-none-eabi/6.3.1/../../../../arm-none-eabi/lib/thumb/v7e-m/fpv4-sp/hard\libm.a
START GROUP
LOAD c:/ac6/systemworkbench/plugins/fr.ac6.mcu.externaltools.arm-none.win32_1.15.0.201708311556/tools/compiler/bin/../lib/gcc/arm-none-eabi/6.3.1/thumb/v7e-m/fpv4-sp/hard\libgcc.a
LOAD c:/ac6/systemworkbench/plugins/fr.ac6.mcu.externaltools.arm-none.win32_1.15.0.201708311556/tools/compiler/bin/../lib/gcc/arm-none-eabi/6.3.1/../../../../arm-none-eabi/lib/thumb/v7e-m/fpv4-sp/hard\libc_nano.a
END GROUP
START GROUP
LOAD c:/ac6/systemworkbench/plugins/fr.ac6.mcu.externaltools.arm-none.win32_1.15.0.201708311556/tools/compiler/bin/../lib/gcc/arm-none-eabi/6.3.1/thumb/v7e-m/fpv4-sp/hard\libgcc.a
LOAD c:/ac6/systemworkbench/plugins/fr.ac6.mcu.externaltools.arm-none.win32_1.15.0.201708311556/tools/compiler/bin/../lib/gcc/arm-none-eabi/6.3.1/../../../../arm-none-eabi/lib/thumb/v7e-m/fpv4-sp/hard\libc_nano.a
LOAD c:/ac6/systemworkbench/plugins/fr.ac6.mcu.externaltools.arm-none.win32_1.15.0.201708311556/tools/compiler/bin/../lib/gcc/arm-none-eabi/6.3.1/../../../../arm-none-eabi/lib/thumb/v7e-m/fpv4-sp/hard\libnosys.a
END GROUP
START GROUP
LOAD c:/ac6/systemworkbench/plugins/fr.ac6.mcu.externaltools.arm-none.win32_1.15.0.201708311556/tools/compiler/bin/../lib/gcc/arm-none-eabi/6.3.1/thumb/v7e-m/fpv4-sp/hard\libgcc.a
LOAD c:/ac6/systemworkbench/plugins/fr.ac6.mcu.externaltools.arm-none.win32_1.15.0.201708311556/tools/compiler/bin/../lib/gcc/arm-none-eabi/6.3.1/../../../../arm-none-eabi/lib/thumb/v7e-m/fpv4-sp/hard\libc_nano.a
LOAD c:/ac6/systemworkbench/plugins/fr.ac6.mcu.externaltools.arm-none.win32_1.15.0.201708311556/tools/compiler/bin/../lib/gcc/arm-none-eabi/6.3.1/../../../../arm-none-eabi/lib/thumb/v7e-m/fpv4-sp/hard\libnosys.a
END GROUP
LOAD c:/ac6/systemworkbench/plugins/fr.ac6.mcu.externaltools.arm-none.win32_1.15.0.201708311556/tools/compiler/bin/../lib/gcc/arm-none-eabi/6.3.1/thumb/v7e-m/fpv4-sp/hard/crtend.o
LOAD c:/ac6/systemworkbench/plugins/fr.ac6.mcu.externaltools.arm-none.win32_1.15.0.201708311556/tools/compiler/bin/../lib/gcc/arm-none-eabi/6.3.1/thumb/v7e-m/fpv4-sp/hard/crtn.o
                0x20018000                _estack = 0x20018000
                0x00000200                _Min_Heap_Size = 0x200
                0x00000400                _Min_Stack_Size = 0x400

.isr_vector     0x08000000      0x188
                0x08000000                . = ALIGN (0x8)
 *(.isr_vector)
 .isr_vector    0x08000000      0x188 startup/startup_stm32l476xx.o
                0x08000000                g_pfnVectors
                0x08000188                . = ALIGN (0x8)

.text           0x08000190     0x7d18
                0x08000190                . = ALIGN (0x8)
 *(.text)
 .text          0x08000190       0x6c c:/ac6/systemworkbench/plugins/fr.ac6.mcu.externaltools.arm-none.win32_1.15.0.201708311556/tools/compiler/bin/../lib/gcc/arm-none-eabi/6.3.1/thumb/v7e-m/fpv4-sp/hard/crtbegin.o
 .text          0x080001fc      0x370 c:/ac6/systemworkbench/plugins/fr.ac6.mcu.externaltools.arm-none.win32_1.15.0.201708311556/tools/compiler/bin/../lib/gcc/arm-none-eabi/6.3.1/thumb/v7e-m/fpv4-sp/hard\libgcc.a(_arm_addsubdf3.o)
                0x080001fc                __aeabi_drsub
                0x08000204                __aeabi_dsub
                0x08000204                __subdf3
                0x08000208                __aeabi_dadd
                0x08000208                __adddf3
                0x08000480                __floatunsidf
                0x08000480                __aeabi_ui2d
                0x080004a0                __floatsidf
                0x080004a0                __aeabi_i2d
                0x080004c4                __aeabi_f2d
                0x080004c4                __extendsfdf2
                0x08000500                __floatundidf
                0x08000500                __aeabi_ul2d
                0x08000510                __floatdidf
                0x08000510                __aeabi_l2d
 .text          0x0800056c      0x424 c:/ac6/systemworkbench/plugins/fr.ac6.mcu.externaltools.arm-none.win32_1.15.0.201708311556/tools/compiler/bin/../lib/gcc/arm-none-eabi/6.3.1/thumb/v7e-m/fpv4-sp/hard\libgcc.a(_arm_muldivdf3.o)
                0x0800056c                __aeabi_dmul
                0x0800056c                __muldf3
                0x080007c0                __divdf3
                0x080007c0                __aeabi_ddiv
 .text          0x08000990      0x110 c:/ac6/systemworkbench/plugins/fr.ac6.mcu.externaltools.arm-none.win32_1.15.0.201708311556/tools/compiler/bin/../lib/gcc/arm-none-eabi/6.3.1/thumb/v7e-m/fpv4-sp/hard\libgcc.a(_arm_cmpdf2.o)
                0x08000990                __gtdf2
                0x08000990                __gedf2
                0x08000998                __ltdf2
                0x08000998                __ledf2
                0x080009a0                __nedf2
                0x080009a0                __eqdf2
                0x080009a0                __cmpdf2
                0x08000a1c                __aeabi_cdrcmple
                0x08000a2c                __aeabi_cdcmpeq
                0x08000a2c                __aeabi_cdcmple
                0x08000a3c                __aeabi_dcmpeq
                0x08000a50                __aeabi_dcmplt
                0x08000a64                __aeabi_dcmple
                0x08000a78                __aeabi_dcmpge
                0x08000a8c                __aeabi_dcmpgt
 .text          0x08000aa0       0x50 c:/ac6/systemworkbench/plugins/fr.ac6.mcu.externaltools.arm-none.win32_1.15.0.201708311556/tools/compiler/bin/../lib/gcc/arm-none-eabi/6.3.1/thumb/v7e-m/fpv4-sp/hard\libgcc.a(_arm_fixdfsi.o)
                0x08000aa0                __aeabi_d2iz
                0x08000aa0                __fixdfsi
 .text          0x08000af0       0x40 c:/ac6/systemworkbench/plugins/fr.ac6.mcu.externaltools.arm-none.win32_1.15.0.201708311556/tools/compiler/bin/../lib/gcc/arm-none-eabi/6.3.1/thumb/v7e-m/fpv4-sp/hard\libgcc.a(_arm_fixunsdfsi.o)
                0x08000af0                __aeabi_d2uiz
                0x08000af0                __fixunsdfsi
 .text          0x08000b30       0x30 c:/ac6/systemworkbench/plugins/fr.ac6.mcu.externaltools.arm-none.win32_1.15.0.201708311556/tools/compiler/bin/../lib/gcc/arm-none-eabi/6.3.1/thumb/v7e-m/fpv4-sp/hard\libgcc.a(_aeabi_uldivmod.o)
                0x08000b30                __aeabi_uldivmod
 .text          0x08000b60      0x2dc c:/ac6/systemworkbench/plugins/fr.ac6.mcu.externaltools.arm-none.win32_1.15.0.201708311556/tools/compiler/bin/../lib/gcc/arm-none-eabi/6.3.1/thumb/v7e-m/fpv4-sp/hard\libgcc.a(_udivmoddi4.o)
                0x08000b60                __udivmoddi4
 .text          0x08000e3c        0x4 c:/ac6/systemworkbench/plugins/fr.ac6.mcu.externaltools.arm-none.win32_1.15.0.201708311556/tools/compiler/bin/../lib/gcc/arm-none-eabi/6.3.1/thumb/v7e-m/fpv4-sp/hard\libgcc.a(_dvmd_tls.o)
                0x08000e3c                __aeabi_idiv0
                0x08000e3c                __aeabi_ldiv0
 .text          0x08000e40       0xa0 c:/ac6/systemworkbench/plugins/fr.ac6.mcu.externaltools.arm-none.win32_1.15.0.201708311556/tools/compiler/bin/../lib/gcc/arm-none-eabi/6.3.1/../../../../arm-none-eabi/lib/thumb/v7e-m/fpv4-sp/hard\libc_nano.a(lib_a-memchr.o)
                0x08000e40                memchr
 *(.text*)
 .text.HAL_InitTick
                0x08000ee0       0x2c Drivers/STM32L4xx_HAL_Driver/Src/stm32l4xx_hal.o
                0x08000ee0                HAL_InitTick
 .text.HAL_Init
                0x08000f0c       0x24 Drivers/STM32L4xx_HAL_Driver/Src/stm32l4xx_hal.o
                0x08000f0c                HAL_Init
 .text.HAL_IncTick
                0x08000f30       0x10 Drivers/STM32L4xx_HAL_Driver/Src/stm32l4xx_hal.o
                0x08000f30                HAL_IncTick
 .text.HAL_GetTick
                0x08000f40        0xc Drivers/STM32L4xx_HAL_Driver/Src/stm32l4xx_hal.o
                0x08000f40                HAL_GetTick
 .text.HAL_Delay
                0x08000f4c       0x1e Drivers/STM32L4xx_HAL_Driver/Src/stm32l4xx_hal.o
                0x08000f4c                HAL_Delay
 *fill*         0x08000f6a        0x2 
 .text.HAL_ADC_Init
                0x08000f6c      0x29c Drivers/STM32L4xx_HAL_Driver/Src/stm32l4xx_hal_adc.o
                0x08000f6c                HAL_ADC_Init
 .text.ADC_DMAHalfConvCplt
                0x08001208        0xa Drivers/STM32L4xx_HAL_Driver/Src/stm32l4xx_hal_adc.o
                0x08001208                ADC_DMAHalfConvCplt
 .text.HAL_ADC_LevelOutOfWindowCallback
                0x08001212        0x2 Drivers/STM32L4xx_HAL_Driver/Src/stm32l4xx_hal_adc.o
                0x08001212                HAL_ADC_LevelOutOfWindowCallback
 .text.HAL_ADC_IRQHandler
                0x08001214      0x2fc Drivers/STM32L4xx_HAL_Driver/Src/stm32l4xx_hal_adc.o
                0x08001214                HAL_ADC_IRQHandler
 .text.ADC_DMAConvCplt
                0x08001510       0x88 Drivers/STM32L4xx_HAL_Driver/Src/stm32l4xx_hal_adc.o
                0x08001510                ADC_DMAConvCplt
 .text.ADC_DMAError
                0x08001598       0x1a Drivers/STM32L4xx_HAL_Driver/Src/stm32l4xx_hal_adc.o
                0x08001598                ADC_DMAError
 *fill*         0x080015b2        0x2 
 .text.HAL_ADC_ConfigChannel
                0x080015b4      0x484 Drivers/STM32L4xx_HAL_Driver/Src/stm32l4xx_hal_adc.o
                0x080015b4                HAL_ADC_ConfigChannel
 .text.HAL_ADC_AnalogWDGConfig
                0x08001a38      0x1a0 Drivers/STM32L4xx_HAL_Driver/Src/stm32l4xx_hal_adc.o
                0x08001a38                HAL_ADC_AnalogWDGConfig
 .text.ADC_Enable
                0x08001bd8       0x8c Drivers/STM32L4xx_HAL_Driver/Src/stm32l4xx_hal_adc.o
                0x08001bd8                ADC_Enable
 .text.HAL_ADC_Start_DMA
                0x08001c64      0x134 Drivers/STM32L4xx_HAL_Driver/Src/stm32l4xx_hal_adc.o
                0x08001c64                HAL_ADC_Start_DMA
 .text.ADC_Disable
                0x08001d98       0x88 Drivers/STM32L4xx_HAL_Driver/Src/stm32l4xx_hal_adc.o
                0x08001d98                ADC_Disable
 .text.HAL_ADCEx_Calibration_Start
                0x08001e20       0x8e Drivers/STM32L4xx_HAL_Driver/Src/stm32l4xx_hal_adc_ex.o
                0x08001e20                HAL_ADCEx_Calibration_Start
 .text.HAL_ADCEx_InjectedConvCpltCallback
                0x08001eae        0x2 Drivers/STM32L4xx_HAL_Driver/Src/stm32l4xx_hal_adc_ex.o
                0x08001eae                HAL_ADCEx_InjectedConvCpltCallback
 .text.HAL_ADCEx_InjectedQueueOverflowCallback
                0x08001eb0        0x2 Drivers/STM32L4xx_HAL_Driver/Src/stm32l4xx_hal_adc_ex.o
                0x08001eb0                HAL_ADCEx_InjectedQueueOverflowCallback
 .text.HAL_ADCEx_LevelOutOfWindow2Callback
                0x08001eb2        0x2 Drivers/STM32L4xx_HAL_Driver/Src/stm32l4xx_hal_adc_ex.o
                0x08001eb2                HAL_ADCEx_LevelOutOfWindow2Callback
 .text.HAL_ADCEx_LevelOutOfWindow3Callback
                0x08001eb4        0x2 Drivers/STM32L4xx_HAL_Driver/Src/stm32l4xx_hal_adc_ex.o
                0x08001eb4                HAL_ADCEx_LevelOutOfWindow3Callback
 .text.HAL_ADCEx_EndOfSamplingCallback
                0x08001eb6        0x2 Drivers/STM32L4xx_HAL_Driver/Src/stm32l4xx_hal_adc_ex.o
                0x08001eb6                HAL_ADCEx_EndOfSamplingCallback
 .text.HAL_ADCEx_MultiModeConfigChannel
                0x08001eb8      0x148 Drivers/STM32L4xx_HAL_Driver/Src/stm32l4xx_hal_adc_ex.o
                0x08001eb8                HAL_ADCEx_MultiModeConfigChannel
 .text.HAL_NVIC_SetPriorityGrouping
                0x08002000       0x24 Drivers/STM32L4xx_HAL_Driver/Src/stm32l4xx_hal_cortex.o
                0x08002000                HAL_NVIC_SetPriorityGrouping
 .text.HAL_NVIC_SetPriority
                0x08002024       0x64 Drivers/STM32L4xx_HAL_Driver/Src/stm32l4xx_hal_cortex.o
                0x08002024                HAL_NVIC_SetPriority
 .text.HAL_NVIC_EnableIRQ
                0x08002088       0x18 Drivers/STM32L4xx_HAL_Driver/Src/stm32l4xx_hal_cortex.o
                0x08002088                HAL_NVIC_EnableIRQ
 .text.HAL_SYSTICK_Config
                0x080020a0       0x2c Drivers/STM32L4xx_HAL_Driver/Src/stm32l4xx_hal_cortex.o
                0x080020a0                HAL_SYSTICK_Config
 .text.HAL_SYSTICK_CLKSourceConfig
                0x080020cc       0x20 Drivers/STM32L4xx_HAL_Driver/Src/stm32l4xx_hal_cortex.o
                0x080020cc                HAL_SYSTICK_CLKSourceConfig
 .text.HAL_SYSTICK_Callback
                0x080020ec        0x2 Drivers/STM32L4xx_HAL_Driver/Src/stm32l4xx_hal_cortex.o
                0x080020ec                HAL_SYSTICK_Callback
 .text.HAL_SYSTICK_IRQHandler
                0x080020ee        0x8 Drivers/STM32L4xx_HAL_Driver/Src/stm32l4xx_hal_cortex.o
                0x080020ee                HAL_SYSTICK_IRQHandler
 .text.DMA_SetConfig
                0x080020f6       0x2c Drivers/STM32L4xx_HAL_Driver/Src/stm32l4xx_hal_dma.o
 *fill*         0x08002122        0x2 
 .text.HAL_DMA_Init
                0x08002124       0xf0 Drivers/STM32L4xx_HAL_Driver/Src/stm32l4xx_hal_dma.o
                0x08002124                HAL_DMA_Init
 .text.HAL_DMA_Start_IT
                0x08002214       0x76 Drivers/STM32L4xx_HAL_Driver/Src/stm32l4xx_hal_dma.o
                0x08002214                HAL_DMA_Start_IT
 .text.HAL_DMA_Abort
                0x0800228a       0x34 Drivers/STM32L4xx_HAL_Driver/Src/stm32l4xx_hal_dma.o
                0x0800228a                HAL_DMA_Abort
 .text.HAL_DMA_Abort_IT
                0x080022be       0x4c Drivers/STM32L4xx_HAL_Driver/Src/stm32l4xx_hal_dma.o
                0x080022be                HAL_DMA_Abort_IT
 .text.HAL_DMA_IRQHandler
                0x0800230a       0xb2 Drivers/STM32L4xx_HAL_Driver/Src/stm32l4xx_hal_dma.o
                0x0800230a                HAL_DMA_IRQHandler
 .text.HAL_GPIO_Init
                0x080023bc      0x1d4 Drivers/STM32L4xx_HAL_Driver/Src/stm32l4xx_hal_gpio.o
                0x080023bc                HAL_GPIO_Init
 .text.HAL_GPIO_WritePin
                0x08002590        0xa Drivers/STM32L4xx_HAL_Driver/Src/stm32l4xx_hal_gpio.o
                0x08002590                HAL_GPIO_WritePin
 .text.HAL_GPIO_TogglePin
                0x0800259a        0x8 Drivers/STM32L4xx_HAL_Driver/Src/stm32l4xx_hal_gpio.o
                0x0800259a                HAL_GPIO_TogglePin
 *fill*         0x080025a2        0x2 
 .text.HAL_GPIO_EXTI_IRQHandler
                0x080025a4       0x1c Drivers/STM32L4xx_HAL_Driver/Src/stm32l4xx_hal_gpio.o
                0x080025a4                HAL_GPIO_EXTI_IRQHandler
 .text.I2C_Flush_TXDR
                0x080025c0       0x22 Drivers/STM32L4xx_HAL_Driver/Src/stm32l4xx_hal_i2c.o
 .text.I2C_TransferConfig
                0x080025e2       0x2e Drivers/STM32L4xx_HAL_Driver/Src/stm32l4xx_hal_i2c.o
 .text.I2C_Disable_IRQ
                0x08002610       0x7e Drivers/STM32L4xx_HAL_Driver/Src/stm32l4xx_hal_i2c.o
 .text.I2C_IsAcknowledgeFailed
                0x0800268e       0x82 Drivers/STM32L4xx_HAL_Driver/Src/stm32l4xx_hal_i2c.o
 .text.I2C_WaitOnTXISFlagUntilTimeout
                0x08002710       0x54 Drivers/STM32L4xx_HAL_Driver/Src/stm32l4xx_hal_i2c.o
 .text.I2C_WaitOnFlagUntilTimeout
                0x08002764       0x48 Drivers/STM32L4xx_HAL_Driver/Src/stm32l4xx_hal_i2c.o
 .text.I2C_WaitOnSTOPFlagUntilTimeout
                0x080027ac       0x4e Drivers/STM32L4xx_HAL_Driver/Src/stm32l4xx_hal_i2c.o
 .text.I2C_WaitOnRXNEFlagUntilTimeout
                0x080027fa       0x82 Drivers/STM32L4xx_HAL_Driver/Src/stm32l4xx_hal_i2c.o
 .text.HAL_I2C_Init
                0x0800287c       0xbc Drivers/STM32L4xx_HAL_Driver/Src/stm32l4xx_hal_i2c.o
                0x0800287c                HAL_I2C_Init
 .text.HAL_I2C_Master_Transmit
                0x08002938      0x186 Drivers/STM32L4xx_HAL_Driver/Src/stm32l4xx_hal_i2c.o
                0x08002938                HAL_I2C_Master_Transmit
 .text.HAL_I2C_Master_Receive
                0x08002abe      0x184 Drivers/STM32L4xx_HAL_Driver/Src/stm32l4xx_hal_i2c.o
                0x08002abe                HAL_I2C_Master_Receive
 .text.HAL_I2C_EV_IRQHandler
                0x08002c42       0x10 Drivers/STM32L4xx_HAL_Driver/Src/stm32l4xx_hal_i2c.o
                0x08002c42                HAL_I2C_EV_IRQHandler
 .text.HAL_I2C_SlaveTxCpltCallback
                0x08002c52        0x2 Drivers/STM32L4xx_HAL_Driver/Src/stm32l4xx_hal_i2c.o
                0x08002c52                HAL_I2C_SlaveTxCpltCallback
 .text.HAL_I2C_SlaveRxCpltCallback
                0x08002c54        0x2 Drivers/STM32L4xx_HAL_Driver/Src/stm32l4xx_hal_i2c.o
                0x08002c54                HAL_I2C_SlaveRxCpltCallback
 .text.I2C_ITSlaveSequentialCplt
                0x08002c56       0x5c Drivers/STM32L4xx_HAL_Driver/Src/stm32l4xx_hal_i2c.o
 .text.HAL_I2C_AddrCallback
                0x08002cb2        0x2 Drivers/STM32L4xx_HAL_Driver/Src/stm32l4xx_hal_i2c.o
                0x08002cb2                HAL_I2C_AddrCallback
 .text.I2C_ITAddrCplt
                0x08002cb4       0x9c Drivers/STM32L4xx_HAL_Driver/Src/stm32l4xx_hal_i2c.o
 .text.HAL_I2C_ListenCpltCallback
                0x08002d50        0x2 Drivers/STM32L4xx_HAL_Driver/Src/stm32l4xx_hal_i2c.o
                0x08002d50                HAL_I2C_ListenCpltCallback
 *fill*         0x08002d52        0x2 
 .text.I2C_ITListenCplt
                0x08002d54       0x64 Drivers/STM32L4xx_HAL_Driver/Src/stm32l4xx_hal_i2c.o
 .text.HAL_I2C_ErrorCallback
                0x08002db8        0x2 Drivers/STM32L4xx_HAL_Driver/Src/stm32l4xx_hal_i2c.o
                0x08002db8                HAL_I2C_ErrorCallback
 .text.HAL_I2C_AbortCpltCallback
                0x08002dba        0x2 Drivers/STM32L4xx_HAL_Driver/Src/stm32l4xx_hal_i2c.o
                0x08002dba                HAL_I2C_AbortCpltCallback
 .text.I2C_ITError
                0x08002dbc      0x100 Drivers/STM32L4xx_HAL_Driver/Src/stm32l4xx_hal_i2c.o
 .text.I2C_ITSlaveCplt
                0x08002ebc      0x128 Drivers/STM32L4xx_HAL_Driver/Src/stm32l4xx_hal_i2c.o
 .text.I2C_Slave_ISR_IT
                0x08002fe4      0x14e Drivers/STM32L4xx_HAL_Driver/Src/stm32l4xx_hal_i2c.o
 .text.HAL_I2C_ER_IRQHandler
                0x08003132       0x6c Drivers/STM32L4xx_HAL_Driver/Src/stm32l4xx_hal_i2c.o
                0x08003132                HAL_I2C_ER_IRQHandler
 .text.I2C_DMAAbort
                0x0800319e       0x34 Drivers/STM32L4xx_HAL_Driver/Src/stm32l4xx_hal_i2c.o
 .text.HAL_I2CEx_ConfigAnalogFilter
                0x080031d2       0x5c Drivers/STM32L4xx_HAL_Driver/Src/stm32l4xx_hal_i2c_ex.o
                0x080031d2                HAL_I2CEx_ConfigAnalogFilter
 .text.HAL_I2CEx_ConfigDigitalFilter
                0x0800322e       0x58 Drivers/STM32L4xx_HAL_Driver/Src/stm32l4xx_hal_i2c_ex.o
                0x0800322e                HAL_I2CEx_ConfigDigitalFilter
 *fill*         0x08003286        0x2 
 .text.HAL_PWREx_GetVoltageRange
                0x08003288       0x10 Drivers/STM32L4xx_HAL_Driver/Src/stm32l4xx_hal_pwr_ex.o
                0x08003288                HAL_PWREx_GetVoltageRange
 .text.HAL_PWREx_ControlVoltageScaling
                0x08003298       0x90 Drivers/STM32L4xx_HAL_Driver/Src/stm32l4xx_hal_pwr_ex.o
                0x08003298                HAL_PWREx_ControlVoltageScaling
 .text.RCC_SetFlashLatencyFromMSIRange
                0x08003328       0x90 Drivers/STM32L4xx_HAL_Driver/Src/stm32l4xx_hal_rcc.o
 .text.HAL_RCC_GetSysClockFreq
                0x080033b8      0x100 Drivers/STM32L4xx_HAL_Driver/Src/stm32l4xx_hal_rcc.o
                0x080033b8                HAL_RCC_GetSysClockFreq
 .text.HAL_RCC_OscConfig
                0x080034b8      0x574 Drivers/STM32L4xx_HAL_Driver/Src/stm32l4xx_hal_rcc.o
                0x080034b8                HAL_RCC_OscConfig
 .text.HAL_RCC_ClockConfig
                0x08003a2c      0x1ac Drivers/STM32L4xx_HAL_Driver/Src/stm32l4xx_hal_rcc.o
                0x08003a2c                HAL_RCC_ClockConfig
 .text.HAL_RCC_GetHCLKFreq
                0x08003bd8        0xc Drivers/STM32L4xx_HAL_Driver/Src/stm32l4xx_hal_rcc.o
                0x08003bd8                HAL_RCC_GetHCLKFreq
 .text.HAL_RCC_GetPCLK1Freq
                0x08003be4       0x20 Drivers/STM32L4xx_HAL_Driver/Src/stm32l4xx_hal_rcc.o
                0x08003be4                HAL_RCC_GetPCLK1Freq
 .text.HAL_RCC_GetPCLK2Freq
                0x08003c04       0x20 Drivers/STM32L4xx_HAL_Driver/Src/stm32l4xx_hal_rcc.o
                0x08003c04                HAL_RCC_GetPCLK2Freq
 .text.RCCEx_PLLSAI1_Config
                0x08003c24      0x180 Drivers/STM32L4xx_HAL_Driver/Src/stm32l4xx_hal_rcc_ex.o
 .text.RCCEx_PLLSAI2_Config
                0x08003da4      0x15c Drivers/STM32L4xx_HAL_Driver/Src/stm32l4xx_hal_rcc_ex.o
 .text.HAL_RCCEx_PeriphCLKConfig
                0x08003f00      0x44c Drivers/STM32L4xx_HAL_Driver/Src/stm32l4xx_hal_rcc_ex.o
                0x08003f00                HAL_RCCEx_PeriphCLKConfig
 .text.SD_DMATransmitCplt
                0x0800434c        0xe Drivers/STM32L4xx_HAL_Driver/Src/stm32l4xx_hal_sd.o
 .text.SD_SendStatus
                0x0800435a       0x2a Drivers/STM32L4xx_HAL_Driver/Src/stm32l4xx_hal_sd.o
 .text.HAL_SD_ReadBlocks_DMA
                0x08004384      0x110 Drivers/STM32L4xx_HAL_Driver/Src/stm32l4xx_hal_sd.o
                0x08004384                HAL_SD_ReadBlocks_DMA
 .text.HAL_SD_WriteBlocks_DMA
                0x08004494      0x110 Drivers/STM32L4xx_HAL_Driver/Src/stm32l4xx_hal_sd.o
                0x08004494                HAL_SD_WriteBlocks_DMA
 .text.HAL_SD_ErrorCallback
                0x080045a4        0x2 Drivers/STM32L4xx_HAL_Driver/Src/stm32l4xx_hal_sd.o
                0x080045a4                HAL_SD_ErrorCallback
 .text.SD_DMAReceiveCplt
                0x080045a6       0x44 Drivers/STM32L4xx_HAL_Driver/Src/stm32l4xx_hal_sd.o
 .text.HAL_SD_GetCardInfo
                0x080045ea       0x24 Drivers/STM32L4xx_HAL_Driver/Src/stm32l4xx_hal_sd.o
                0x080045ea                HAL_SD_GetCardInfo
 .text.HAL_SD_GetCardState
                0x0800460e       0x26 Drivers/STM32L4xx_HAL_Driver/Src/stm32l4xx_hal_sd.o
                0x0800460e                HAL_SD_GetCardState
 .text.SD_DMAError
                0x08004634       0x5a Drivers/STM32L4xx_HAL_Driver/Src/stm32l4xx_hal_sd.o
 *fill*         0x0800468e        0x2 
 .text.TIM_OC1_SetConfig
                0x08004690       0x9c Drivers/STM32L4xx_HAL_Driver/Src/stm32l4xx_hal_tim.o
 .text.TIM_OC3_SetConfig
                0x0800472c       0x8c Drivers/STM32L4xx_HAL_Driver/Src/stm32l4xx_hal_tim.o
 .text.TIM_OC4_SetConfig
                0x080047b8       0x6c Drivers/STM32L4xx_HAL_Driver/Src/stm32l4xx_hal_tim.o
 .text.TIM_OC5_SetConfig
                0x08004824       0x68 Drivers/STM32L4xx_HAL_Driver/Src/stm32l4xx_hal_tim.o
 .text.TIM_OC6_SetConfig
                0x0800488c       0x6c Drivers/STM32L4xx_HAL_Driver/Src/stm32l4xx_hal_tim.o
 .text.TIM_TI1_ConfigInputStage
                0x080048f8       0x26 Drivers/STM32L4xx_HAL_Driver/Src/stm32l4xx_hal_tim.o
 .text.TIM_TI2_ConfigInputStage
                0x0800491e       0x28 Drivers/STM32L4xx_HAL_Driver/Src/stm32l4xx_hal_tim.o
 .text.TIM_ITRx_SetConfig
                0x08004946       0x10 Drivers/STM32L4xx_HAL_Driver/Src/stm32l4xx_hal_tim.o
 .text.HAL_TIM_Base_Start_IT
                0x08004956       0x18 Drivers/STM32L4xx_HAL_Driver/Src/stm32l4xx_hal_tim.o
                0x08004956                HAL_TIM_Base_Start_IT
 .text.HAL_TIM_OC_MspInit
                0x0800496e        0x2 Drivers/STM32L4xx_HAL_Driver/Src/stm32l4xx_hal_tim.o
                0x0800496e                HAL_TIM_OC_MspInit
 .text.HAL_TIM_PeriodElapsedCallback
                0x08004970        0x2 Drivers/STM32L4xx_HAL_Driver/Src/stm32l4xx_hal_tim.o
                0x08004970                HAL_TIM_PeriodElapsedCallback
 .text.HAL_TIM_IC_CaptureCallback
                0x08004972        0x2 Drivers/STM32L4xx_HAL_Driver/Src/stm32l4xx_hal_tim.o
                0x08004972                HAL_TIM_IC_CaptureCallback
 .text.HAL_TIM_PWM_PulseFinishedCallback
                0x08004974        0x2 Drivers/STM32L4xx_HAL_Driver/Src/stm32l4xx_hal_tim.o
                0x08004974                HAL_TIM_PWM_PulseFinishedCallback
 .text.HAL_TIM_TriggerCallback
                0x08004976        0x2 Drivers/STM32L4xx_HAL_Driver/Src/stm32l4xx_hal_tim.o
                0x08004976                HAL_TIM_TriggerCallback
 .text.HAL_TIM_IRQHandler
                0x08004978      0x17a Drivers/STM32L4xx_HAL_Driver/Src/stm32l4xx_hal_tim.o
                0x08004978                HAL_TIM_IRQHandler
 *fill*         0x08004af2        0x2 
 .text.TIM_Base_SetConfig
                0x08004af4       0xc8 Drivers/STM32L4xx_HAL_Driver/Src/stm32l4xx_hal_tim.o
                0x08004af4                TIM_Base_SetConfig
 .text.HAL_TIM_Base_Init
                0x08004bbc       0x32 Drivers/STM32L4xx_HAL_Driver/Src/stm32l4xx_hal_tim.o
                0x08004bbc                HAL_TIM_Base_Init
 .text.HAL_TIM_OC_Init
                0x08004bee       0x32 Drivers/STM32L4xx_HAL_Driver/Src/stm32l4xx_hal_tim.o
                0x08004bee                HAL_TIM_OC_Init
 .text.TIM_OC2_SetConfig
                0x08004c20       0x90 Drivers/STM32L4xx_HAL_Driver/Src/stm32l4xx_hal_tim.o
                0x08004c20                TIM_OC2_SetConfig
 .text.HAL_TIM_OC_ConfigChannel
                0x08004cb0       0x76 Drivers/STM32L4xx_HAL_Driver/Src/stm32l4xx_hal_tim.o
                0x08004cb0                HAL_TIM_OC_ConfigChannel
 .text.TIM_ETR_SetConfig
                0x08004d26       0x18 Drivers/STM32L4xx_HAL_Driver/Src/stm32l4xx_hal_tim.o
                0x08004d26                TIM_ETR_SetConfig
 *fill*         0x08004d3e        0x2 
 .text.HAL_TIM_ConfigClockSource
                0x08004d40      0x118 Drivers/STM32L4xx_HAL_Driver/Src/stm32l4xx_hal_tim.o
                0x08004d40                HAL_TIM_ConfigClockSource
 .text.TIM_CCxChannelCmd
                0x08004e58       0x1e Drivers/STM32L4xx_HAL_Driver/Src/stm32l4xx_hal_tim.o
                0x08004e58                TIM_CCxChannelCmd
 *fill*         0x08004e76        0x2 
 .text.HAL_TIM_OC_Start_IT
                0x08004e78       0xac Drivers/STM32L4xx_HAL_Driver/Src/stm32l4xx_hal_tim.o
                0x08004e78                HAL_TIM_OC_Start_IT
 .text.HAL_TIMEx_MasterConfigSynchronization
                0x08004f24       0x58 Drivers/STM32L4xx_HAL_Driver/Src/stm32l4xx_hal_tim_ex.o
                0x08004f24                HAL_TIMEx_MasterConfigSynchronization
 .text.HAL_TIMEx_ConfigBreakDeadTime
                0x08004f7c       0x98 Drivers/STM32L4xx_HAL_Driver/Src/stm32l4xx_hal_tim_ex.o
                0x08004f7c                HAL_TIMEx_ConfigBreakDeadTime
 .text.HAL_TIMEx_CommutationCallback
                0x08005014        0x2 Drivers/STM32L4xx_HAL_Driver/Src/stm32l4xx_hal_tim_ex.o
                0x08005014                HAL_TIMEx_CommutationCallback
 .text.HAL_TIMEx_BreakCallback
                0x08005016        0x2 Drivers/STM32L4xx_HAL_Driver/Src/stm32l4xx_hal_tim_ex.o
                0x08005016                HAL_TIMEx_BreakCallback
 .text.UART_EndTxTransfer
                0x08005018       0x12 Drivers/STM32L4xx_HAL_Driver/Src/stm32l4xx_hal_uart.o
 .text.UART_EndRxTransfer
                0x0800502a       0x20 Drivers/STM32L4xx_HAL_Driver/Src/stm32l4xx_hal_uart.o
 *fill*         0x0800504a        0x2 
 .text.HAL_UART_Transmit_DMA
                0x0800504c       0x90 Drivers/STM32L4xx_HAL_Driver/Src/stm32l4xx_hal_uart.o
                0x0800504c                HAL_UART_Transmit_DMA
 .text.HAL_UART_Receive_DMA
                0x080050dc       0x9c Drivers/STM32L4xx_HAL_Driver/Src/stm32l4xx_hal_uart.o
                0x080050dc                HAL_UART_Receive_DMA
 .text.HAL_UART_AbortReceive
                0x08005178       0x58 Drivers/STM32L4xx_HAL_Driver/Src/stm32l4xx_hal_uart.o
                0x08005178                HAL_UART_AbortReceive
 .text.HAL_UART_TxCpltCallback
                0x080051d0        0x2 Drivers/STM32L4xx_HAL_Driver/Src/stm32l4xx_hal_uart.o
                0x080051d0                HAL_UART_TxCpltCallback
 .text.UART_DMATransmitCplt
                0x080051d2       0x32 Drivers/STM32L4xx_HAL_Driver/Src/stm32l4xx_hal_uart.o
 .text.UART_EndTransmit_IT
                0x08005204       0x1c Drivers/STM32L4xx_HAL_Driver/Src/stm32l4xx_hal_uart.o
 .text.HAL_UART_TxHalfCpltCallback
                0x08005220        0x2 Drivers/STM32L4xx_HAL_Driver/Src/stm32l4xx_hal_uart.o
                0x08005220                HAL_UART_TxHalfCpltCallback
 .text.UART_DMATxHalfCplt
                0x08005222        0xa Drivers/STM32L4xx_HAL_Driver/Src/stm32l4xx_hal_uart.o
 .text.UART_DMAReceiveCplt
                0x0800522c       0x40 Drivers/STM32L4xx_HAL_Driver/Src/stm32l4xx_hal_uart.o
 .text.UART_DMARxHalfCplt
                0x0800526c        0xa Drivers/STM32L4xx_HAL_Driver/Src/stm32l4xx_hal_uart.o
 .text.HAL_UART_ErrorCallback
                0x08005276        0x2 Drivers/STM32L4xx_HAL_Driver/Src/stm32l4xx_hal_uart.o
                0x08005276                HAL_UART_ErrorCallback
 .text.UART_DMAError
                0x08005278       0x58 Drivers/STM32L4xx_HAL_Driver/Src/stm32l4xx_hal_uart.o
 .text.HAL_UART_IRQHandler
                0x080052d0      0x168 Drivers/STM32L4xx_HAL_Driver/Src/stm32l4xx_hal_uart.o
                0x080052d0                HAL_UART_IRQHandler
 .text.UART_DMAAbortOnError
                0x08005438       0x14 Drivers/STM32L4xx_HAL_Driver/Src/stm32l4xx_hal_uart.o
 .text.UART_SetConfig
                0x0800544c      0x410 Drivers/STM32L4xx_HAL_Driver/Src/stm32l4xx_hal_uart.o
                0x0800544c                UART_SetConfig
 .text.UART_AdvFeatureConfig
                0x0800585c       0xca Drivers/STM32L4xx_HAL_Driver/Src/stm32l4xx_hal_uart.o
                0x0800585c                UART_AdvFeatureConfig
 .text.UART_WaitOnFlagUntilTimeout
                0x08005926       0x64 Drivers/STM32L4xx_HAL_Driver/Src/stm32l4xx_hal_uart.o
                0x08005926                UART_WaitOnFlagUntilTimeout
 .text.UART_CheckIdleState
                0x0800598a       0x70 Drivers/STM32L4xx_HAL_Driver/Src/stm32l4xx_hal_uart.o
                0x0800598a                UART_CheckIdleState
 .text.HAL_UART_Init
                0x080059fa       0x68 Drivers/STM32L4xx_HAL_Driver/Src/stm32l4xx_hal_uart.o
                0x080059fa                HAL_UART_Init
 .text.HAL_UARTEx_WakeupCallback
                0x08005a62        0x2 Drivers/STM32L4xx_HAL_Driver/Src/stm32l4xx_hal_uart_ex.o
                0x08005a62                HAL_UARTEx_WakeupCallback
 .text.SDMMC_SendCommand
                0x08005a64       0x2a Drivers/STM32L4xx_HAL_Driver/Src/stm32l4xx_ll_sdmmc.o
                0x08005a64                SDMMC_SendCommand
 .text.SDMMC_GetCommandResponse
                0x08005a8e        0x6 Drivers/STM32L4xx_HAL_Driver/Src/stm32l4xx_ll_sdmmc.o
                0x08005a8e                SDMMC_GetCommandResponse
 .text.SDMMC_GetResponse
                0x08005a94       0x14 Drivers/STM32L4xx_HAL_Driver/Src/stm32l4xx_ll_sdmmc.o
                0x08005a94                SDMMC_GetResponse
 .text.SDMMC_GetCmdResp1
                0x08005aa8      0x158 Drivers/STM32L4xx_HAL_Driver/Src/stm32l4xx_ll_sdmmc.o
 .text.SDMMC_ConfigData
                0x08005c00       0x2a Drivers/STM32L4xx_HAL_Driver/Src/stm32l4xx_ll_sdmmc.o
                0x08005c00                SDMMC_ConfigData
 .text.SDMMC_CmdBlockLength
                0x08005c2a       0x30 Drivers/STM32L4xx_HAL_Driver/Src/stm32l4xx_ll_sdmmc.o
                0x08005c2a                SDMMC_CmdBlockLength
 .text.SDMMC_CmdReadSingleBlock
                0x08005c5a       0x30 Drivers/STM32L4xx_HAL_Driver/Src/stm32l4xx_ll_sdmmc.o
                0x08005c5a                SDMMC_CmdReadSingleBlock
 .text.SDMMC_CmdReadMultiBlock
                0x08005c8a       0x30 Drivers/STM32L4xx_HAL_Driver/Src/stm32l4xx_ll_sdmmc.o
                0x08005c8a                SDMMC_CmdReadMultiBlock
 .text.SDMMC_CmdWriteSingleBlock
                0x08005cba       0x30 Drivers/STM32L4xx_HAL_Driver/Src/stm32l4xx_ll_sdmmc.o
                0x08005cba                SDMMC_CmdWriteSingleBlock
 .text.SDMMC_CmdWriteMultiBlock
                0x08005cea       0x30 Drivers/STM32L4xx_HAL_Driver/Src/stm32l4xx_ll_sdmmc.o
                0x08005cea                SDMMC_CmdWriteMultiBlock
 *fill*         0x08005d1a        0x2 
 .text.SDMMC_CmdStopTransfer
                0x08005d1c       0x34 Drivers/STM32L4xx_HAL_Driver/Src/stm32l4xx_ll_sdmmc.o
                0x08005d1c                SDMMC_CmdStopTransfer
 .text.SDMMC_CmdSendStatus
                0x08005d50       0x30 Drivers/STM32L4xx_HAL_Driver/Src/stm32l4xx_ll_sdmmc.o
                0x08005d50                SDMMC_CmdSendStatus
 .text.FATFS_LinkDriverEx
                0x08005d80       0x48 Middlewares/Third_Party/FatFs/src/ff_gen_drv.o
                0x08005d80                FATFS_LinkDriverEx
 .text.FATFS_LinkDriver
                0x08005dc8        0xa Middlewares/Third_Party/FatFs/src/ff_gen_drv.o
                0x08005dc8                FATFS_LinkDriver
 .text.LCD_I2C_WriteOut
                0x08005dd2       0x20 STM32_Library/HD44780-master/hd44780.o
                0x08005dd2                LCD_I2C_WriteOut
 .text.LCD_StateWriteBit
                0x08005df2       0x3a STM32_Library/HD44780-master/hd44780.o
                0x08005df2                LCD_StateWriteBit
 .text.LCD_StateLEDControl
                0x08005e2c        0xe STM32_Library/HD44780-master/hd44780.o
                0x08005e2c                LCD_StateLEDControl
 .text.LCD_StateSetBit
                0x08005e3a       0x36 STM32_Library/HD44780-master/hd44780.o
                0x08005e3a                LCD_StateSetBit
 .text.LCD_WriteToDataBus
                0x08005e70       0xd0 STM32_Library/HD44780-master/hd44780.o
                0x08005e70                LCD_WriteToDataBus
 .text.LCD_GetBusyFlag
                0x08005f40       0x8a STM32_Library/HD44780-master/hd44780.o
                0x08005f40                LCD_GetBusyFlag
 .text.LCD_WaitForBusyFlag
                0x08005fca       0x38 STM32_Library/HD44780-master/hd44780.o
                0x08005fca                LCD_WaitForBusyFlag
 .text.LCD_WriteCMD
                0x08006002       0x5a STM32_Library/HD44780-master/hd44780.o
                0x08006002                LCD_WriteCMD
 .text.LCD_WriteDATA
                0x0800605c       0x5a STM32_Library/HD44780-master/hd44780.o
                0x0800605c                LCD_WriteDATA
 .text.LCD_SetLocation
                0x080060b6       0x14 STM32_Library/HD44780-master/hd44780.o
                0x080060b6                LCD_SetLocation
 .text.LCD_WriteString
                0x080060ca       0x2e STM32_Library/HD44780-master/hd44780.o
                0x080060ca                LCD_WriteString
 .text.LCD_ClearDisplay
                0x080060f8        0xa STM32_Library/HD44780-master/hd44780.o
                0x080060f8                LCD_ClearDisplay
 .text.LCD_DisplayON
                0x08006102       0x1c STM32_Library/HD44780-master/hd44780.o
                0x08006102                LCD_DisplayON
 .text.LCD_WriteNumber
                0x0800611e       0x46 STM32_Library/HD44780-master/hd44780.o
                0x0800611e                LCD_WriteNumber
 .text.LCD_WriteFloat
                0x08006164       0xdc STM32_Library/HD44780-master/hd44780.o
                0x08006164                LCD_WriteFloat
 .text.LCD_EntryModeSet
                0x08006240       0x12 STM32_Library/HD44780-master/hd44780.o
                0x08006240                LCD_EntryModeSet
 *fill*         0x08006252        0x2 
 .text.LCD_Init
                0x08006254       0xe8 STM32_Library/HD44780-master/hd44780.o
                0x08006254                LCD_Init
 .text.PCF8574_Init
                0x0800633c       0x24 STM32_Library/PCF8574-master/pcf8574.o
                0x0800633c                PCF8574_Init
 .text.PCF8574_Write
                0x08006360       0x32 STM32_Library/PCF8574-master/pcf8574.o
                0x08006360                PCF8574_Write
 .text.PCF8574_Write_Buffer
                0x08006392       0x2e STM32_Library/PCF8574-master/pcf8574.o
                0x08006392                PCF8574_Write_Buffer
 .text.PCF8574_Read
                0x080063c0       0x2e STM32_Library/PCF8574-master/pcf8574.o
                0x080063c0                PCF8574_Read
 *fill*         0x080063ee        0x2 
 .text.BSP_SD_ReadBlocks_DMA
                0x080063f0       0x18 Src/bsp_driver_sd.o
                0x080063f0                BSP_SD_ReadBlocks_DMA
 .text.BSP_SD_WriteBlocks_DMA
                0x08006408       0x18 Src/bsp_driver_sd.o
                0x08006408                BSP_SD_WriteBlocks_DMA
 .text.BSP_SD_GetCardState
                0x08006420       0x14 Src/bsp_driver_sd.o
                0x08006420                BSP_SD_GetCardState
 .text.BSP_SD_GetCardInfo
                0x08006434       0x10 Src/bsp_driver_sd.o
                0x08006434                BSP_SD_GetCardInfo
 .text.BSP_SD_ReadCpltCallback
                0x08006444        0x2 Src/bsp_driver_sd.o
                0x08006444                BSP_SD_ReadCpltCallback
 .text.HAL_SD_RxCpltCallback
                0x08006446        0x8 Src/bsp_driver_sd.o
                0x08006446                HAL_SD_RxCpltCallback
 *fill*         0x0800644e        0x2 
 .text.MX_FATFS_Init
                0x08006450       0x1c Src/fatfs.o
                0x08006450                MX_FATFS_Init
 .text.MX_SDMMC1_SD_Init
                0x0800646c       0x20 Src/main.o
 .text.MX_GPIO_Init
                0x0800648c       0xd4 Src/main.o
 .text.MX_DMA_Init
                0x08006560       0x74 Src/main.o
 *fill*         0x080065d4        0x4 
 .text.writeTestLCD
                0x080065d8       0x74 Src/main.o
                0x080065d8                writeTestLCD
 .text.SendData
                0x0800664c       0x98 Src/main.o
                0x0800664c                SendData
 .text.HAL_TIM_OC_DelayElapsedCallback
                0x080066e4       0x1c Src/main.o
                0x080066e4                HAL_TIM_OC_DelayElapsedCallback
 .text.HAL_UART_RxCpltCallback
                0x08006700       0x18 Src/main.o
                0x08006700                HAL_UART_RxCpltCallback
 .text.HAL_UART_RxHalfCpltCallback
                0x08006718       0x30 Src/main.o
                0x08006718                HAL_UART_RxHalfCpltCallback
 .text.HAL_ADC_ConvCpltCallback
                0x08006748        0x2 Src/main.o
                0x08006748                HAL_ADC_ConvCpltCallback
 .text.HAL_ADC_ConvHalfCpltCallback
                0x0800674a        0x2 Src/main.o
                0x0800674a                HAL_ADC_ConvHalfCpltCallback
 .text._Error_Handler
                0x0800674c        0x2 Src/main.o
                0x0800674c                _Error_Handler
 *fill*         0x0800674e        0x2 
 .text.MX_USART2_UART_Init
                0x08006750       0x40 Src/main.o
 .text.MX_TIM3_Init
                0x08006790       0xac Src/main.o
 .text.MX_ADC1_Init
                0x0800683c       0xec Src/main.o
 .text.MX_ADC2_Init
                0x08006928       0xa4 Src/main.o
 .text.MX_TIM4_Init
                0x080069cc       0xbc Src/main.o
 .text.MX_TIM15_Init
                0x08006a88       0xe0 Src/main.o
 .text.MX_I2C1_Init
                0x08006b68       0x68 Src/main.o
 .text.SystemClock_Config
                0x08006bd0       0xf0 Src/main.o
                0x08006bd0                SystemClock_Config
 .text.HAL_GPIO_EXTI_Callback
                0x08006cc0       0xa8 Src/main.o
                0x08006cc0                HAL_GPIO_EXTI_Callback
 .text.HAL_ADC_ErrorCallback
                0x08006d68       0x10 Src/main.o
                0x08006d68                HAL_ADC_ErrorCallback
 .text.initLCD  0x08006d78       0x60 Src/main.o
                0x08006d78                initLCD
 .text.main     0x08006dd8       0xb4 Src/main.o
                0x08006dd8                main
 .text.errorHandleLCD
                0x08006e8c       0x10 Src/main.o
                0x08006e8c                errorHandleLCD
 .text.errorHandleI2C
                0x08006e9c       0x10 Src/main.o
                0x08006e9c                errorHandleI2C
 .text.SD_CheckStatus
                0x08006eac       0x24 Src/sd_diskio.o
 .text.SD_initialize
                0x08006ed0        0x8 Src/sd_diskio.o
                0x08006ed0                SD_initialize
 .text.SD_status
                0x08006ed8        0x8 Src/sd_diskio.o
                0x08006ed8                SD_status
 .text.SD_read  0x08006ee0       0x6c Src/sd_diskio.o
                0x08006ee0                SD_read
 .text.SD_write
                0x08006f4c       0x6c Src/sd_diskio.o
                0x08006f4c                SD_write
 .text.SD_ioctl
                0x08006fb8       0x58 Src/sd_diskio.o
                0x08006fb8                SD_ioctl
 .text.HAL_MspInit
                0x08007010       0x90 Src/stm32l4xx_hal_msp.o
                0x08007010                HAL_MspInit
 .text.HAL_ADC_MspInit
                0x080070a0      0x158 Src/stm32l4xx_hal_msp.o
                0x080070a0                HAL_ADC_MspInit
 .text.HAL_I2C_MspInit
                0x080071f8       0x74 Src/stm32l4xx_hal_msp.o
                0x080071f8                HAL_I2C_MspInit
 .text.HAL_TIM_Base_MspInit
                0x0800726c       0xa0 Src/stm32l4xx_hal_msp.o
                0x0800726c                HAL_TIM_Base_MspInit
 .text.HAL_TIM_MspPostInit
                0x0800730c       0x34 Src/stm32l4xx_hal_msp.o
                0x0800730c                HAL_TIM_MspPostInit
 .text.HAL_UART_MspInit
                0x08007340       0xe0 Src/stm32l4xx_hal_msp.o
                0x08007340                HAL_UART_MspInit
 .text.SysTick_Handler
                0x08007420        0xc Src/stm32l4xx_it.o
                0x08007420                SysTick_Handler
 .text.DMA1_Channel6_IRQHandler
                0x0800742c       0x44 Src/stm32l4xx_it.o
                0x0800742c                DMA1_Channel6_IRQHandler
 .text.DMA1_Channel7_IRQHandler
                0x08007470       0x10 Src/stm32l4xx_it.o
                0x08007470                DMA1_Channel7_IRQHandler
 .text.ADC1_2_IRQHandler
                0x08007480       0x18 Src/stm32l4xx_it.o
                0x08007480                ADC1_2_IRQHandler
 .text.TIM1_BRK_TIM15_IRQHandler
                0x08007498       0x10 Src/stm32l4xx_it.o
                0x08007498                TIM1_BRK_TIM15_IRQHandler
 .text.TIM3_IRQHandler
                0x080074a8       0x10 Src/stm32l4xx_it.o
                0x080074a8                TIM3_IRQHandler
 .text.TIM4_IRQHandler
                0x080074b8       0x10 Src/stm32l4xx_it.o
                0x080074b8                TIM4_IRQHandler
 .text.I2C1_EV_IRQHandler
                0x080074c8       0x10 Src/stm32l4xx_it.o
                0x080074c8                I2C1_EV_IRQHandler
 .text.I2C1_ER_IRQHandler
                0x080074d8       0x10 Src/stm32l4xx_it.o
                0x080074d8                I2C1_ER_IRQHandler
 .text.USART2_IRQHandler
                0x080074e8       0x20 Src/stm32l4xx_it.o
                0x080074e8                USART2_IRQHandler
 .text.EXTI15_10_IRQHandler
                0x08007508       0x1c Src/stm32l4xx_it.o
                0x08007508                EXTI15_10_IRQHandler
 .text.DMA2_Channel3_IRQHandler
                0x08007524       0x10 Src/stm32l4xx_it.o
                0x08007524                DMA2_Channel3_IRQHandler
 .text.DMA2_Channel4_IRQHandler
                0x08007534       0x10 Src/stm32l4xx_it.o
                0x08007534                DMA2_Channel4_IRQHandler
 .text.SystemInit
                0x08007544       0x48 Src/system_stm32l4xx.o
                0x08007544                SystemInit
 .text.Reset_Handler
                0x0800758c       0x50 startup/startup_stm32l476xx.o
                0x0800758c                Reset_Handler
 .text.Default_Handler
                0x080075dc        0x2 startup/startup_stm32l476xx.o
                0x080075dc                RTC_Alarm_IRQHandler
                0x080075dc                EXTI2_IRQHandler
                0x080075dc                TIM8_TRG_COM_IRQHandler
                0x080075dc                TIM8_CC_IRQHandler
                0x080075dc                DebugMon_Handler
                0x080075dc                TIM1_CC_IRQHandler
                0x080075dc                TSC_IRQHandler
                0x080075dc                HardFault_Handler
                0x080075dc                TAMP_STAMP_IRQHandler
                0x080075dc                PendSV_Handler
                0x080075dc                NMI_Handler
                0x080075dc                EXTI3_IRQHandler
                0x080075dc                LPTIM2_IRQHandler
                0x080075dc                DFSDM1_FLT1_IRQHandler
                0x080075dc                I2C3_ER_IRQHandler
                0x080075dc                DFSDM1_FLT2_IRQHandler
                0x080075dc                EXTI0_IRQHandler
                0x080075dc                I2C2_EV_IRQHandler
                0x080075dc                CAN1_RX0_IRQHandler
                0x080075dc                FPU_IRQHandler
                0x080075dc                TIM1_UP_TIM16_IRQHandler
                0x080075dc                UsageFault_Handler
                0x080075dc                SPI1_IRQHandler
                0x080075dc                TIM6_DAC_IRQHandler
                0x080075dc                TIM8_UP_IRQHandler
                0x080075dc                DMA2_Channel2_IRQHandler
                0x080075dc                DMA1_Channel4_IRQHandler
                0x080075dc                SAI2_IRQHandler
                0x080075dc                DFSDM1_FLT3_IRQHandler
                0x080075dc                USART3_IRQHandler
                0x080075dc                CAN1_RX1_IRQHandler
                0x080075dc                LCD_IRQHandler
                0x080075dc                UART5_IRQHandler
                0x080075dc                ADC3_IRQHandler
                0x080075dc                DMA2_Channel1_IRQHandler
                0x080075dc                QUADSPI_IRQHandler
                0x080075dc                UART4_IRQHandler
                0x080075dc                RCC_IRQHandler
                0x080075dc                DMA1_Channel1_IRQHandler
                0x080075dc                Default_Handler
                0x080075dc                DMA2_Channel7_IRQHandler
                0x080075dc                TIM7_IRQHandler
                0x080075dc                SDMMC1_IRQHandler
                0x080075dc                TIM5_IRQHandler
                0x080075dc                I2C3_EV_IRQHandler
                0x080075dc                EXTI9_5_IRQHandler
                0x080075dc                RTC_WKUP_IRQHandler
                0x080075dc                PVD_PVM_IRQHandler
                0x080075dc                SPI2_IRQHandler
                0x080075dc                MemManage_Handler
                0x080075dc                CAN1_TX_IRQHandler
                0x080075dc                SVC_Handler
                0x080075dc                DMA2_Channel5_IRQHandler
                0x080075dc                DMA1_Channel5_IRQHandler
                0x080075dc                EXTI4_IRQHandler
                0x080075dc                RNG_IRQHandler
                0x080075dc                TIM1_TRG_COM_TIM17_IRQHandler
                0x080075dc                DMA1_Channel3_IRQHandler
                0x080075dc                COMP_IRQHandler
                0x080075dc                WWDG_IRQHandler
                0x080075dc                LPUART1_IRQHandler
                0x080075dc                DMA2_Channel6_IRQHandler
                0x080075dc                TIM2_IRQHandler
                0x080075dc                EXTI1_IRQHandler
                0x080075dc                DFSDM1_FLT0_IRQHandler
                0x080075dc                I2C2_ER_IRQHandler
                0x080075dc                DMA1_Channel2_IRQHandler
                0x080075dc                TIM8_BRK_IRQHandler
                0x080075dc                CAN1_SCE_IRQHandler
                0x080075dc                FLASH_IRQHandler
                0x080075dc                BusFault_Handler
                0x080075dc                USART1_IRQHandler
                0x080075dc                OTG_FS_IRQHandler
                0x080075dc                SPI3_IRQHandler
                0x080075dc                FMC_IRQHandler
                0x080075dc                SWPMI1_IRQHandler
                0x080075dc                LPTIM1_IRQHandler
                0x080075dc                SAI1_IRQHandler
 *fill*         0x080075de        0x2 
 .text.__libc_init_array
                0x080075e0       0x48 c:/ac6/systemworkbench/plugins/fr.ac6.mcu.externaltools.arm-none.win32_1.15.0.201708311556/tools/compiler/bin/../lib/gcc/arm-none-eabi/6.3.1/../../../../arm-none-eabi/lib/thumb/v7e-m/fpv4-sp/hard\libc_nano.a(lib_a-init.o)
                0x080075e0                __libc_init_array
 .text.memcpy   0x08007628       0x16 c:/ac6/systemworkbench/plugins/fr.ac6.mcu.externaltools.arm-none.win32_1.15.0.201708311556/tools/compiler/bin/../lib/gcc/arm-none-eabi/6.3.1/../../../../arm-none-eabi/lib/thumb/v7e-m/fpv4-sp/hard\libc_nano.a(lib_a-memcpy-stub.o)
                0x08007628                memcpy
 .text.memset   0x0800763e       0x10 c:/ac6/systemworkbench/plugins/fr.ac6.mcu.externaltools.arm-none.win32_1.15.0.201708311556/tools/compiler/bin/../lib/gcc/arm-none-eabi/6.3.1/../../../../arm-none-eabi/lib/thumb/v7e-m/fpv4-sp/hard\libc_nano.a(lib_a-memset.o)
                0x0800763e                memset
 *fill*         0x0800764e        0x2 
 .text.sprintf  0x08007650       0x48 c:/ac6/systemworkbench/plugins/fr.ac6.mcu.externaltools.arm-none.win32_1.15.0.201708311556/tools/compiler/bin/../lib/gcc/arm-none-eabi/6.3.1/../../../../arm-none-eabi/lib/thumb/v7e-m/fpv4-sp/hard\libc_nano.a(lib_a-sprintf.o)
                0x08007650                siprintf
                0x08007650                sprintf
 .text.__ssputs_r
                0x08007698       0xb6 c:/ac6/systemworkbench/plugins/fr.ac6.mcu.externaltools.arm-none.win32_1.15.0.201708311556/tools/compiler/bin/../lib/gcc/arm-none-eabi/6.3.1/../../../../arm-none-eabi/lib/thumb/v7e-m/fpv4-sp/hard\libc_nano.a(lib_a-nano-svfprintf.o)
                0x08007698                __ssputs_r
 *fill*         0x0800774e        0x2 
 .text._svfprintf_r
                0x08007750      0x1e8 c:/ac6/systemworkbench/plugins/fr.ac6.mcu.externaltools.arm-none.win32_1.15.0.201708311556/tools/compiler/bin/../lib/gcc/arm-none-eabi/6.3.1/../../../../arm-none-eabi/lib/thumb/v7e-m/fpv4-sp/hard\libc_nano.a(lib_a-nano-svfprintf.o)
                0x08007750                _svfiprintf_r
                0x08007750                _svfprintf_r
 .text._printf_common
                0x08007938       0xec c:/ac6/systemworkbench/plugins/fr.ac6.mcu.externaltools.arm-none.win32_1.15.0.201708311556/tools/compiler/bin/../lib/gcc/arm-none-eabi/6.3.1/../../../../arm-none-eabi/lib/thumb/v7e-m/fpv4-sp/hard\libc_nano.a(lib_a-nano-vfprintf_i.o)
                0x08007938                _printf_common
 .text._printf_i
                0x08007a24      0x240 c:/ac6/systemworkbench/plugins/fr.ac6.mcu.externaltools.arm-none.win32_1.15.0.201708311556/tools/compiler/bin/../lib/gcc/arm-none-eabi/6.3.1/../../../../arm-none-eabi/lib/thumb/v7e-m/fpv4-sp/hard\libc_nano.a(lib_a-nano-vfprintf_i.o)
                0x08007a24                _printf_i
 .text.memmove  0x08007c64       0x34 c:/ac6/systemworkbench/plugins/fr.ac6.mcu.externaltools.arm-none.win32_1.15.0.201708311556/tools/compiler/bin/../lib/gcc/arm-none-eabi/6.3.1/../../../../arm-none-eabi/lib/thumb/v7e-m/fpv4-sp/hard\libc_nano.a(lib_a-memmove.o)
                0x08007c64                memmove
 .text._free_r  0x08007c98       0x9c c:/ac6/systemworkbench/plugins/fr.ac6.mcu.externaltools.arm-none.win32_1.15.0.201708311556/tools/compiler/bin/../lib/gcc/arm-none-eabi/6.3.1/../../../../arm-none-eabi/lib/thumb/v7e-m/fpv4-sp/hard\libc_nano.a(lib_a-nano-freer.o)
                0x08007c98                _free_r
 .text._malloc_r
                0x08007d34       0xbc c:/ac6/systemworkbench/plugins/fr.ac6.mcu.externaltools.arm-none.win32_1.15.0.201708311556/tools/compiler/bin/../lib/gcc/arm-none-eabi/6.3.1/../../../../arm-none-eabi/lib/thumb/v7e-m/fpv4-sp/hard\libc_nano.a(lib_a-nano-mallocr.o)
                0x08007d34                _malloc_r
 .text._realloc_r
                0x08007df0       0x4c c:/ac6/systemworkbench/plugins/fr.ac6.mcu.externaltools.arm-none.win32_1.15.0.201708311556/tools/compiler/bin/../lib/gcc/arm-none-eabi/6.3.1/../../../../arm-none-eabi/lib/thumb/v7e-m/fpv4-sp/hard\libc_nano.a(lib_a-nano-reallocr.o)
                0x08007df0                _realloc_r
 .text._sbrk_r  0x08007e3c       0x20 c:/ac6/systemworkbench/plugins/fr.ac6.mcu.externaltools.arm-none.win32_1.15.0.201708311556/tools/compiler/bin/../lib/gcc/arm-none-eabi/6.3.1/../../../../arm-none-eabi/lib/thumb/v7e-m/fpv4-sp/hard\libc_nano.a(lib_a-sbrkr.o)
                0x08007e3c                _sbrk_r
 .text.__malloc_lock
                0x08007e5c        0x2 c:/ac6/systemworkbench/plugins/fr.ac6.mcu.externaltools.arm-none.win32_1.15.0.201708311556/tools/compiler/bin/../lib/gcc/arm-none-eabi/6.3.1/../../../../arm-none-eabi/lib/thumb/v7e-m/fpv4-sp/hard\libc_nano.a(lib_a-mlock.o)
                0x08007e5c                __malloc_lock
 .text.__malloc_unlock
                0x08007e5e        0x2 c:/ac6/systemworkbench/plugins/fr.ac6.mcu.externaltools.arm-none.win32_1.15.0.201708311556/tools/compiler/bin/../lib/gcc/arm-none-eabi/6.3.1/../../../../arm-none-eabi/lib/thumb/v7e-m/fpv4-sp/hard\libc_nano.a(lib_a-mlock.o)
                0x08007e5e                __malloc_unlock
 .text._malloc_usable_size_r
                0x08007e60       0x12 c:/ac6/systemworkbench/plugins/fr.ac6.mcu.externaltools.arm-none.win32_1.15.0.201708311556/tools/compiler/bin/../lib/gcc/arm-none-eabi/6.3.1/../../../../arm-none-eabi/lib/thumb/v7e-m/fpv4-sp/hard\libc_nano.a(lib_a-nano-msizer.o)
                0x08007e60                _malloc_usable_size_r
 *fill*         0x08007e72        0x2 
 .text._sbrk    0x08007e74       0x1c c:/ac6/systemworkbench/plugins/fr.ac6.mcu.externaltools.arm-none.win32_1.15.0.201708311556/tools/compiler/bin/../lib/gcc/arm-none-eabi/6.3.1/../../../../arm-none-eabi/lib/thumb/v7e-m/fpv4-sp/hard\libnosys.a(sbrk.o)
                0x08007e74                _sbrk
 *(.glue_7)
 .glue_7        0x08007e90        0x0 linker stubs
 *(.glue_7t)
 .glue_7t       0x08007e90        0x0 linker stubs
 *(.eh_frame)
 .eh_frame      0x08007e90        0x0 c:/ac6/systemworkbench/plugins/fr.ac6.mcu.externaltools.arm-none.win32_1.15.0.201708311556/tools/compiler/bin/../lib/gcc/arm-none-eabi/6.3.1/thumb/v7e-m/fpv4-sp/hard/crtbegin.o
 *(.init)
 .init          0x08007e90        0x4 c:/ac6/systemworkbench/plugins/fr.ac6.mcu.externaltools.arm-none.win32_1.15.0.201708311556/tools/compiler/bin/../lib/gcc/arm-none-eabi/6.3.1/thumb/v7e-m/fpv4-sp/hard/crti.o
                0x08007e90                _init
 .init          0x08007e94        0x8 c:/ac6/systemworkbench/plugins/fr.ac6.mcu.externaltools.arm-none.win32_1.15.0.201708311556/tools/compiler/bin/../lib/gcc/arm-none-eabi/6.3.1/thumb/v7e-m/fpv4-sp/hard/crtn.o
 *(.fini)
 .fini          0x08007e9c        0x4 c:/ac6/systemworkbench/plugins/fr.ac6.mcu.externaltools.arm-none.win32_1.15.0.201708311556/tools/compiler/bin/../lib/gcc/arm-none-eabi/6.3.1/thumb/v7e-m/fpv4-sp/hard/crti.o
                0x08007e9c                _fini
 .fini          0x08007ea0        0x8 c:/ac6/systemworkbench/plugins/fr.ac6.mcu.externaltools.arm-none.win32_1.15.0.201708311556/tools/compiler/bin/../lib/gcc/arm-none-eabi/6.3.1/thumb/v7e-m/fpv4-sp/hard/crtn.o
                0x08007ea8                . = ALIGN (0x8)
                0x08007ea8                _etext = .

.vfp11_veneer   0x08007ea8        0x0
 .vfp11_veneer  0x08007ea8        0x0 linker stubs

.v4_bx          0x08007ea8        0x0
 .v4_bx         0x08007ea8        0x0 linker stubs

.iplt           0x08007ea8        0x0
 .iplt          0x08007ea8        0x0 c:/ac6/systemworkbench/plugins/fr.ac6.mcu.externaltools.arm-none.win32_1.15.0.201708311556/tools/compiler/bin/../lib/gcc/arm-none-eabi/6.3.1/thumb/v7e-m/fpv4-sp/hard/crtbegin.o

.rodata         0x08007ea8       0xe0
                0x08007ea8                . = ALIGN (0x8)
 *(.rodata)
 .rodata        0x08007ea8       0x14 Src/sd_diskio.o
                0x08007ea8                SD_Driver
 .rodata        0x08007ebc       0x48 Src/system_stm32l4xx.o
                0x08007ebc                MSIRangeTable
                0x08007eec                AHBPrescTable
                0x08007efc                APBPrescTable
 *(.rodata*)
 .rodata.str1.4
                0x08007f04        0x6 STM32_Library/HD44780-master/hd44780.o
 *fill*         0x08007f0a        0x2 
 .rodata.str1.4
                0x08007f0c       0x26 Src/main.o
 *fill*         0x08007f32        0x2 
 .rodata.str1.4
                0x08007f34       0x1c Src/stm32l4xx_hal_msp.o
                                 0x1b (size before relaxing)
 .rodata._svfprintf_r.str1.1
                0x08007f50       0x11 c:/ac6/systemworkbench/plugins/fr.ac6.mcu.externaltools.arm-none.win32_1.15.0.201708311556/tools/compiler/bin/../lib/gcc/arm-none-eabi/6.3.1/../../../../arm-none-eabi/lib/thumb/v7e-m/fpv4-sp/hard\libc_nano.a(lib_a-nano-svfprintf.o)
 .rodata._printf_i.str1.1
                0x08007f61       0x22 c:/ac6/systemworkbench/plugins/fr.ac6.mcu.externaltools.arm-none.win32_1.15.0.201708311556/tools/compiler/bin/../lib/gcc/arm-none-eabi/6.3.1/../../../../arm-none-eabi/lib/thumb/v7e-m/fpv4-sp/hard\libc_nano.a(lib_a-nano-vfprintf_i.o)
                0x08007f88                . = ALIGN (0x8)
 *fill*         0x08007f83        0x5 

.ARM.extab      0x08007f88        0x0
                0x08007f88                . = ALIGN (0x8)
 *(.ARM.extab* .gnu.linkonce.armextab.*)
                0x08007f88                . = ALIGN (0x8)

.ARM            0x08007f88        0x8
                0x08007f88                . = ALIGN (0x8)
                0x08007f88                __exidx_start = .
 *(.ARM.exidx*)
 .ARM.exidx     0x08007f88        0x8 c:/ac6/systemworkbench/plugins/fr.ac6.mcu.externaltools.arm-none.win32_1.15.0.201708311556/tools/compiler/bin/../lib/gcc/arm-none-eabi/6.3.1/thumb/v7e-m/fpv4-sp/hard\libgcc.a(_udivmoddi4.o)
                0x08007f90                __exidx_end = .
                0x08007f90                . = ALIGN (0x8)

.rel.dyn        0x08007f90        0x0
 .rel.iplt      0x08007f90        0x0 c:/ac6/systemworkbench/plugins/fr.ac6.mcu.externaltools.arm-none.win32_1.15.0.201708311556/tools/compiler/bin/../lib/gcc/arm-none-eabi/6.3.1/thumb/v7e-m/fpv4-sp/hard/crtbegin.o

.preinit_array  0x08007f90        0x0
                0x08007f90                . = ALIGN (0x8)
                0x08007f90                PROVIDE (__preinit_array_start, .)
 *(.preinit_array*)
                0x08007f90                PROVIDE (__preinit_array_end, .)
                0x08007f90                . = ALIGN (0x8)

.init_array     0x08007f90        0x8
                0x08007f90                . = ALIGN (0x8)
                0x08007f90                PROVIDE (__init_array_start, .)
 *(SORT(.init_array.*))
 *(.init_array*)
 .init_array    0x08007f90        0x4 c:/ac6/systemworkbench/plugins/fr.ac6.mcu.externaltools.arm-none.win32_1.15.0.201708311556/tools/compiler/bin/../lib/gcc/arm-none-eabi/6.3.1/thumb/v7e-m/fpv4-sp/hard/crtbegin.o
                0x08007f94                PROVIDE (__init_array_end, .)
                0x08007f98                . = ALIGN (0x8)
 *fill*         0x08007f94        0x4 

.fini_array     0x08007f98        0x8
                0x08007f98                . = ALIGN (0x8)
                [!provide]                PROVIDE (__fini_array_start, .)
 *(SORT(.fini_array.*))
 *(.fini_array*)
 .fini_array    0x08007f98        0x4 c:/ac6/systemworkbench/plugins/fr.ac6.mcu.externaltools.arm-none.win32_1.15.0.201708311556/tools/compiler/bin/../lib/gcc/arm-none-eabi/6.3.1/thumb/v7e-m/fpv4-sp/hard/crtbegin.o
                [!provide]                PROVIDE (__fini_array_end, .)
                0x08007fa0                . = ALIGN (0x8)
 *fill*         0x08007f9c        0x4 
                0x08007fa0                _sidata = LOADADDR (.data)

.data           0x20000000       0xf0 load address 0x08007fa0
                0x20000000                . = ALIGN (0x8)
                0x20000000                _sdata = .
 *(.data)
 .data          0x20000000       0x20 STM32_Library/HD44780-master/hd44780.o
                0x20000000                PCF8574_Type0Pins
 .data          0x20000020       0x65 Src/main.o
                0x20000020                aTxBuffer
 .data          0x20000085        0x1 Src/sd_diskio.o
 *fill*         0x20000086        0x2 
 .data          0x20000088        0x4 Src/system_stm32l4xx.o
                0x20000088                SystemCoreClock
 *(.data*)
 .data._impure_ptr
                0x2000008c        0x4 c:/ac6/systemworkbench/plugins/fr.ac6.mcu.externaltools.arm-none.win32_1.15.0.201708311556/tools/compiler/bin/../lib/gcc/arm-none-eabi/6.3.1/../../../../arm-none-eabi/lib/thumb/v7e-m/fpv4-sp/hard\libc_nano.a(lib_a-impure.o)
                0x2000008c                _impure_ptr
 .data.impure_data
                0x20000090       0x60 c:/ac6/systemworkbench/plugins/fr.ac6.mcu.externaltools.arm-none.win32_1.15.0.201708311556/tools/compiler/bin/../lib/gcc/arm-none-eabi/6.3.1/../../../../arm-none-eabi/lib/thumb/v7e-m/fpv4-sp/hard\libc_nano.a(lib_a-impure.o)
                0x200000f0                . = ALIGN (0x8)
                0x200000f0                _edata = .

.jcr            0x200000f0        0x0 load address 0x08008090
 .jcr           0x200000f0        0x0 c:/ac6/systemworkbench/plugins/fr.ac6.mcu.externaltools.arm-none.win32_1.15.0.201708311556/tools/compiler/bin/../lib/gcc/arm-none-eabi/6.3.1/thumb/v7e-m/fpv4-sp/hard/crtbegin.o

.igot.plt       0x200000f0        0x0 load address 0x08008090
 .igot.plt      0x200000f0        0x0 c:/ac6/systemworkbench/plugins/fr.ac6.mcu.externaltools.arm-none.win32_1.15.0.201708311556/tools/compiler/bin/../lib/gcc/arm-none-eabi/6.3.1/thumb/v7e-m/fpv4-sp/hard/crtbegin.o
                0x200000f0                . = ALIGN (0x4)

.bss            0x200000f0      0x9c0 load address 0x08008090
                0x200000f0                _sbss = .
                0x200000f0                __bss_start__ = _sbss
 *(.bss)
 .bss           0x200000f0       0x1c c:/ac6/systemworkbench/plugins/fr.ac6.mcu.externaltools.arm-none.win32_1.15.0.201708311556/tools/compiler/bin/../lib/gcc/arm-none-eabi/6.3.1/thumb/v7e-m/fpv4-sp/hard/crtbegin.o
 .bss           0x2000010c        0xc Middlewares/Third_Party/FatFs/src/ff_gen_drv.o
                0x2000010c                disk
 .bss           0x20000118        0x9 Src/main.o
                0x20000118                PB_counter
                0x2000011c                UserButtonStatus
                0x20000120                UartReady
 *fill*         0x20000121        0x3 
 .bss           0x20000124        0x8 Src/sd_diskio.o
 .bss           0x2000012c        0x4 Src/stm32l4xx_hal_msp.o
 *(.bss*)
 .bss.__malloc_free_list
                0x20000130        0x4 c:/ac6/systemworkbench/plugins/fr.ac6.mcu.externaltools.arm-none.win32_1.15.0.201708311556/tools/compiler/bin/../lib/gcc/arm-none-eabi/6.3.1/../../../../arm-none-eabi/lib/thumb/v7e-m/fpv4-sp/hard\libc_nano.a(lib_a-nano-mallocr.o)
                0x20000130                __malloc_free_list
 .bss.__malloc_sbrk_start
                0x20000134        0x4 c:/ac6/systemworkbench/plugins/fr.ac6.mcu.externaltools.arm-none.win32_1.15.0.201708311556/tools/compiler/bin/../lib/gcc/arm-none-eabi/6.3.1/../../../../arm-none-eabi/lib/thumb/v7e-m/fpv4-sp/hard\libc_nano.a(lib_a-nano-mallocr.o)
                0x20000134                __malloc_sbrk_start
 .bss.heap_end.5239
                0x20000138        0x4 c:/ac6/systemworkbench/plugins/fr.ac6.mcu.externaltools.arm-none.win32_1.15.0.201708311556/tools/compiler/bin/../lib/gcc/arm-none-eabi/6.3.1/../../../../arm-none-eabi/lib/thumb/v7e-m/fpv4-sp/hard\libnosys.a(sbrk.o)
 *(COMMON)
 COMMON         0x2000013c        0x4 Drivers/STM32L4xx_HAL_Driver/Src/stm32l4xx_hal.o
                0x2000013c                uwTick
 COMMON         0x20000140      0x468 Src/fatfs.o
                0x20000140                retSD
                0x20000144                SDPath
                0x20000148                SDFile
                0x20000378                SDFatFS
 COMMON         0x200005a8      0x504 Src/main.o
                0x200005a8                hdma_usart2_rx
                0x200005f0                lcd
                0x20000690                htim4
                0x200006d0                hadc2
                0x20000738                hi2c1
                0x20000784                htim15
                0x200007c4                hsd1
                0x20000848                htim3
                0x20000888                hadc1
                0x200008f0                hdma_usart2_tx
                0x20000938                hdma_adc1
                0x20000980                aRxBuffer
                0x200009e4                aADCxConvertedValues
                0x200009ec                huart2
                0x20000a64                hdma_adc2
 COMMON         0x20000aac        0x4 c:/ac6/systemworkbench/plugins/fr.ac6.mcu.externaltools.arm-none.win32_1.15.0.201708311556/tools/compiler/bin/../lib/gcc/arm-none-eabi/6.3.1/../../../../arm-none-eabi/lib/thumb/v7e-m/fpv4-sp/hard\libc_nano.a(lib_a-reent.o)
                0x20000aac                errno
                0x20000ab0                . = ALIGN (0x4)
                0x20000ab0                _ebss = .
                0x20000ab0                __bss_end__ = _ebss

._user_heap_stack
                0x20000ab0      0x600 load address 0x08008090
                0x20000ab0                . = ALIGN (0x8)
                0x20000ab0                PROVIDE (end, .)
                [!provide]                PROVIDE (_end, .)
                0x20000cb0                . = (. + _Min_Heap_Size)
 *fill*         0x20000ab0      0x200 
                0x200010b0                . = (. + _Min_Stack_Size)
 *fill*         0x20000cb0      0x400 
                0x200010b0                . = ALIGN (0x8)

/DISCARD/
 libc.a(*)
 libm.a(*)
 libgcc.a(*)

.ARM.attributes
                0x00000000       0x30
 *(.ARM.attributes)
 .ARM.attributes
                0x00000000       0x22 c:/ac6/systemworkbench/plugins/fr.ac6.mcu.externaltools.arm-none.win32_1.15.0.201708311556/tools/compiler/bin/../lib/gcc/arm-none-eabi/6.3.1/thumb/v7e-m/fpv4-sp/hard/crti.o
 .ARM.attributes
                0x00000022       0x34 c:/ac6/systemworkbench/plugins/fr.ac6.mcu.externaltools.arm-none.win32_1.15.0.201708311556/tools/compiler/bin/../lib/gcc/arm-none-eabi/6.3.1/thumb/v7e-m/fpv4-sp/hard/crtbegin.o
 .ARM.attributes
                0x00000056       0x39 Drivers/STM32L4xx_HAL_Driver/Src/stm32l4xx_hal.o
 .ARM.attributes
                0x0000008f       0x39 Drivers/STM32L4xx_HAL_Driver/Src/stm32l4xx_hal_adc.o
 .ARM.attributes
                0x000000c8       0x39 Drivers/STM32L4xx_HAL_Driver/Src/stm32l4xx_hal_adc_ex.o
 .ARM.attributes
                0x00000101       0x39 Drivers/STM32L4xx_HAL_Driver/Src/stm32l4xx_hal_cortex.o
 .ARM.attributes
                0x0000013a       0x39 Drivers/STM32L4xx_HAL_Driver/Src/stm32l4xx_hal_dma.o
 .ARM.attributes
                0x00000173       0x39 Drivers/STM32L4xx_HAL_Driver/Src/stm32l4xx_hal_gpio.o
 .ARM.attributes
                0x000001ac       0x39 Drivers/STM32L4xx_HAL_Driver/Src/stm32l4xx_hal_i2c.o
 .ARM.attributes
                0x000001e5       0x39 Drivers/STM32L4xx_HAL_Driver/Src/stm32l4xx_hal_i2c_ex.o
 .ARM.attributes
                0x0000021e       0x39 Drivers/STM32L4xx_HAL_Driver/Src/stm32l4xx_hal_pwr_ex.o
 .ARM.attributes
                0x00000257       0x39 Drivers/STM32L4xx_HAL_Driver/Src/stm32l4xx_hal_rcc.o
 .ARM.attributes
                0x00000290       0x39 Drivers/STM32L4xx_HAL_Driver/Src/stm32l4xx_hal_rcc_ex.o
 .ARM.attributes
                0x000002c9       0x39 Drivers/STM32L4xx_HAL_Driver/Src/stm32l4xx_hal_sd.o
 .ARM.attributes
                0x00000302       0x39 Drivers/STM32L4xx_HAL_Driver/Src/stm32l4xx_hal_tim.o
 .ARM.attributes
                0x0000033b       0x39 Drivers/STM32L4xx_HAL_Driver/Src/stm32l4xx_hal_tim_ex.o
 .ARM.attributes
                0x00000374       0x39 Drivers/STM32L4xx_HAL_Driver/Src/stm32l4xx_hal_uart.o
 .ARM.attributes
                0x000003ad       0x39 Drivers/STM32L4xx_HAL_Driver/Src/stm32l4xx_hal_uart_ex.o
 .ARM.attributes
                0x000003e6       0x39 Drivers/STM32L4xx_HAL_Driver/Src/stm32l4xx_ll_sdmmc.o
 .ARM.attributes
                0x0000041f       0x39 Middlewares/Third_Party/FatFs/src/ff_gen_drv.o
 .ARM.attributes
                0x00000458       0x39 STM32_Library/HD44780-master/hd44780.o
 .ARM.attributes
                0x00000491       0x39 STM32_Library/PCF8574-master/pcf8574.o
 .ARM.attributes
                0x000004ca       0x39 Src/bsp_driver_sd.o
 .ARM.attributes
                0x00000503       0x39 Src/fatfs.o
 .ARM.attributes
                0x0000053c       0x39 Src/main.o
 .ARM.attributes
                0x00000575       0x39 Src/sd_diskio.o
 .ARM.attributes
                0x000005ae       0x39 Src/stm32l4xx_hal_msp.o
 .ARM.attributes
                0x000005e7       0x39 Src/stm32l4xx_it.o
 .ARM.attributes
                0x00000620       0x39 Src/system_stm32l4xx.o
 .ARM.attributes
                0x00000659       0x21 startup/startup_stm32l476xx.o
 .ARM.attributes
                0x0000067a       0x22 c:/ac6/systemworkbench/plugins/fr.ac6.mcu.externaltools.arm-none.win32_1.15.0.201708311556/tools/compiler/bin/../lib/gcc/arm-none-eabi/6.3.1/thumb/v7e-m/fpv4-sp/hard\libgcc.a(_arm_addsubdf3.o)
 .ARM.attributes
                0x0000069c       0x22 c:/ac6/systemworkbench/plugins/fr.ac6.mcu.externaltools.arm-none.win32_1.15.0.201708311556/tools/compiler/bin/../lib/gcc/arm-none-eabi/6.3.1/thumb/v7e-m/fpv4-sp/hard\libgcc.a(_arm_muldivdf3.o)
 .ARM.attributes
                0x000006be       0x22 c:/ac6/systemworkbench/plugins/fr.ac6.mcu.externaltools.arm-none.win32_1.15.0.201708311556/tools/compiler/bin/../lib/gcc/arm-none-eabi/6.3.1/thumb/v7e-m/fpv4-sp/hard\libgcc.a(_arm_cmpdf2.o)
 .ARM.attributes
                0x000006e0       0x22 c:/ac6/systemworkbench/plugins/fr.ac6.mcu.externaltools.arm-none.win32_1.15.0.201708311556/tools/compiler/bin/../lib/gcc/arm-none-eabi/6.3.1/thumb/v7e-m/fpv4-sp/hard\libgcc.a(_arm_fixdfsi.o)
 .ARM.attributes
                0x00000702       0x22 c:/ac6/systemworkbench/plugins/fr.ac6.mcu.externaltools.arm-none.win32_1.15.0.201708311556/tools/compiler/bin/../lib/gcc/arm-none-eabi/6.3.1/thumb/v7e-m/fpv4-sp/hard\libgcc.a(_arm_fixunsdfsi.o)
 .ARM.attributes
                0x00000724       0x22 c:/ac6/systemworkbench/plugins/fr.ac6.mcu.externaltools.arm-none.win32_1.15.0.201708311556/tools/compiler/bin/../lib/gcc/arm-none-eabi/6.3.1/thumb/v7e-m/fpv4-sp/hard\libgcc.a(_aeabi_uldivmod.o)
 .ARM.attributes
                0x00000746       0x34 c:/ac6/systemworkbench/plugins/fr.ac6.mcu.externaltools.arm-none.win32_1.15.0.201708311556/tools/compiler/bin/../lib/gcc/arm-none-eabi/6.3.1/thumb/v7e-m/fpv4-sp/hard\libgcc.a(_udivmoddi4.o)
 .ARM.attributes
                0x0000077a       0x22 c:/ac6/systemworkbench/plugins/fr.ac6.mcu.externaltools.arm-none.win32_1.15.0.201708311556/tools/compiler/bin/../lib/gcc/arm-none-eabi/6.3.1/thumb/v7e-m/fpv4-sp/hard\libgcc.a(_dvmd_tls.o)
 .ARM.attributes
                0x0000079c       0x34 c:/ac6/systemworkbench/plugins/fr.ac6.mcu.externaltools.arm-none.win32_1.15.0.201708311556/tools/compiler/bin/../lib/gcc/arm-none-eabi/6.3.1/../../../../arm-none-eabi/lib/thumb/v7e-m/fpv4-sp/hard\libc_nano.a(lib_a-impure.o)
 .ARM.attributes
                0x000007d0       0x34 c:/ac6/systemworkbench/plugins/fr.ac6.mcu.externaltools.arm-none.win32_1.15.0.201708311556/tools/compiler/bin/../lib/gcc/arm-none-eabi/6.3.1/../../../../arm-none-eabi/lib/thumb/v7e-m/fpv4-sp/hard\libc_nano.a(lib_a-init.o)
 .ARM.attributes
                0x00000804       0x34 c:/ac6/systemworkbench/plugins/fr.ac6.mcu.externaltools.arm-none.win32_1.15.0.201708311556/tools/compiler/bin/../lib/gcc/arm-none-eabi/6.3.1/../../../../arm-none-eabi/lib/thumb/v7e-m/fpv4-sp/hard\libc_nano.a(lib_a-memcpy-stub.o)
 .ARM.attributes
                0x00000838       0x34 c:/ac6/systemworkbench/plugins/fr.ac6.mcu.externaltools.arm-none.win32_1.15.0.201708311556/tools/compiler/bin/../lib/gcc/arm-none-eabi/6.3.1/../../../../arm-none-eabi/lib/thumb/v7e-m/fpv4-sp/hard\libc_nano.a(lib_a-memset.o)
 .ARM.attributes
                0x0000086c       0x34 c:/ac6/systemworkbench/plugins/fr.ac6.mcu.externaltools.arm-none.win32_1.15.0.201708311556/tools/compiler/bin/../lib/gcc/arm-none-eabi/6.3.1/../../../../arm-none-eabi/lib/thumb/v7e-m/fpv4-sp/hard\libc_nano.a(lib_a-sprintf.o)
 .ARM.attributes
                0x000008a0       0x34 c:/ac6/systemworkbench/plugins/fr.ac6.mcu.externaltools.arm-none.win32_1.15.0.201708311556/tools/compiler/bin/../lib/gcc/arm-none-eabi/6.3.1/../../../../arm-none-eabi/lib/thumb/v7e-m/fpv4-sp/hard\libc_nano.a(lib_a-nano-svfprintf.o)
 .ARM.attributes
                0x000008d4       0x34 c:/ac6/systemworkbench/plugins/fr.ac6.mcu.externaltools.arm-none.win32_1.15.0.201708311556/tools/compiler/bin/../lib/gcc/arm-none-eabi/6.3.1/../../../../arm-none-eabi/lib/thumb/v7e-m/fpv4-sp/hard\libc_nano.a(lib_a-nano-vfprintf_i.o)
 .ARM.attributes
                0x00000908       0x20 c:/ac6/systemworkbench/plugins/fr.ac6.mcu.externaltools.arm-none.win32_1.15.0.201708311556/tools/compiler/bin/../lib/gcc/arm-none-eabi/6.3.1/../../../../arm-none-eabi/lib/thumb/v7e-m/fpv4-sp/hard\libc_nano.a(lib_a-memchr.o)
 .ARM.attributes
                0x00000928       0x34 c:/ac6/systemworkbench/plugins/fr.ac6.mcu.externaltools.arm-none.win32_1.15.0.201708311556/tools/compiler/bin/../lib/gcc/arm-none-eabi/6.3.1/../../../../arm-none-eabi/lib/thumb/v7e-m/fpv4-sp/hard\libc_nano.a(lib_a-memmove.o)
 .ARM.attributes
                0x0000095c       0x34 c:/ac6/systemworkbench/plugins/fr.ac6.mcu.externaltools.arm-none.win32_1.15.0.201708311556/tools/compiler/bin/../lib/gcc/arm-none-eabi/6.3.1/../../../../arm-none-eabi/lib/thumb/v7e-m/fpv4-sp/hard\libc_nano.a(lib_a-nano-freer.o)
 .ARM.attributes
                0x00000990       0x34 c:/ac6/systemworkbench/plugins/fr.ac6.mcu.externaltools.arm-none.win32_1.15.0.201708311556/tools/compiler/bin/../lib/gcc/arm-none-eabi/6.3.1/../../../../arm-none-eabi/lib/thumb/v7e-m/fpv4-sp/hard\libc_nano.a(lib_a-nano-mallocr.o)
 .ARM.attributes
                0x000009c4       0x34 c:/ac6/systemworkbench/plugins/fr.ac6.mcu.externaltools.arm-none.win32_1.15.0.201708311556/tools/compiler/bin/../lib/gcc/arm-none-eabi/6.3.1/../../../../arm-none-eabi/lib/thumb/v7e-m/fpv4-sp/hard\libc_nano.a(lib_a-nano-reallocr.o)
 .ARM.attributes
                0x000009f8       0x34 c:/ac6/systemworkbench/plugins/fr.ac6.mcu.externaltools.arm-none.win32_1.15.0.201708311556/tools/compiler/bin/../lib/gcc/arm-none-eabi/6.3.1/../../../../arm-none-eabi/lib/thumb/v7e-m/fpv4-sp/hard\libc_nano.a(lib_a-sbrkr.o)
 .ARM.attributes
                0x00000a2c       0x34 c:/ac6/systemworkbench/plugins/fr.ac6.mcu.externaltools.arm-none.win32_1.15.0.201708311556/tools/compiler/bin/../lib/gcc/arm-none-eabi/6.3.1/../../../../arm-none-eabi/lib/thumb/v7e-m/fpv4-sp/hard\libc_nano.a(lib_a-mlock.o)
 .ARM.attributes
                0x00000a60       0x34 c:/ac6/systemworkbench/plugins/fr.ac6.mcu.externaltools.arm-none.win32_1.15.0.201708311556/tools/compiler/bin/../lib/gcc/arm-none-eabi/6.3.1/../../../../arm-none-eabi/lib/thumb/v7e-m/fpv4-sp/hard\libc_nano.a(lib_a-nano-msizer.o)
 .ARM.attributes
                0x00000a94       0x34 c:/ac6/systemworkbench/plugins/fr.ac6.mcu.externaltools.arm-none.win32_1.15.0.201708311556/tools/compiler/bin/../lib/gcc/arm-none-eabi/6.3.1/../../../../arm-none-eabi/lib/thumb/v7e-m/fpv4-sp/hard\libc_nano.a(lib_a-reent.o)
 .ARM.attributes
                0x00000ac8       0x34 c:/ac6/systemworkbench/plugins/fr.ac6.mcu.externaltools.arm-none.win32_1.15.0.201708311556/tools/compiler/bin/../lib/gcc/arm-none-eabi/6.3.1/../../../../arm-none-eabi/lib/thumb/v7e-m/fpv4-sp/hard\libnosys.a(sbrk.o)
 .ARM.attributes
                0x00000afc       0x22 c:/ac6/systemworkbench/plugins/fr.ac6.mcu.externaltools.arm-none.win32_1.15.0.201708311556/tools/compiler/bin/../lib/gcc/arm-none-eabi/6.3.1/thumb/v7e-m/fpv4-sp/hard/crtn.o
OUTPUT(WeedWatsonDevelopment.elf elf32-littlearm)

.debug_info     0x00000000    0x2e78a
 .debug_info    0x00000000     0x1427 Drivers/STM32L4xx_HAL_Driver/Src/stm32l4xx_hal.o
 .debug_info    0x00001427     0x1ab7 Drivers/STM32L4xx_HAL_Driver/Src/stm32l4xx_hal_adc.o
 .debug_info    0x00002ede     0x1aab Drivers/STM32L4xx_HAL_Driver/Src/stm32l4xx_hal_adc_ex.o
 .debug_info    0x00004989     0x1709 Drivers/STM32L4xx_HAL_Driver/Src/stm32l4xx_hal_cortex.o
 .debug_info    0x00006092     0x107b Drivers/STM32L4xx_HAL_Driver/Src/stm32l4xx_hal_dma.o
 .debug_info    0x0000710d     0x1090 Drivers/STM32L4xx_HAL_Driver/Src/stm32l4xx_hal_gpio.o
 .debug_info    0x0000819d     0x39e3 Drivers/STM32L4xx_HAL_Driver/Src/stm32l4xx_hal_i2c.o
 .debug_info    0x0000bb80     0x1256 Drivers/STM32L4xx_HAL_Driver/Src/stm32l4xx_hal_i2c_ex.o
 .debug_info    0x0000cdd6     0x12cd Drivers/STM32L4xx_HAL_Driver/Src/stm32l4xx_hal_pwr_ex.o
 .debug_info    0x0000e0a3     0x15a7 Drivers/STM32L4xx_HAL_Driver/Src/stm32l4xx_hal_rcc.o
 .debug_info    0x0000f64a     0x18da Drivers/STM32L4xx_HAL_Driver/Src/stm32l4xx_hal_rcc_ex.o
 .debug_info    0x00010f24     0x2a53 Drivers/STM32L4xx_HAL_Driver/Src/stm32l4xx_hal_sd.o
 .debug_info    0x00013977     0x37cc Drivers/STM32L4xx_HAL_Driver/Src/stm32l4xx_hal_tim.o
 .debug_info    0x00017143     0x1d30 Drivers/STM32L4xx_HAL_Driver/Src/stm32l4xx_hal_tim_ex.o
 .debug_info    0x00018e73     0x242d Drivers/STM32L4xx_HAL_Driver/Src/stm32l4xx_hal_uart.o
 .debug_info    0x0001b2a0     0x11f8 Drivers/STM32L4xx_HAL_Driver/Src/stm32l4xx_hal_uart_ex.o
 .debug_info    0x0001c498     0x1e68 Drivers/STM32L4xx_HAL_Driver/Src/stm32l4xx_ll_sdmmc.o
 .debug_info    0x0001e300      0xc95 Middlewares/Third_Party/FatFs/src/ff_gen_drv.o
 .debug_info    0x0001ef95     0x1f11 STM32_Library/HD44780-master/hd44780.o
 .debug_info    0x00020ea6     0x1107 STM32_Library/PCF8574-master/pcf8574.o
 .debug_info    0x00021fad     0x141e Src/bsp_driver_sd.o
 .debug_info    0x000233cb      0xd8d Src/fatfs.o
 .debug_info    0x00024158     0x43b2 Src/main.o
 .debug_info    0x0002850a      0xea7 Src/sd_diskio.o
 .debug_info    0x000293b1     0x2983 Src/stm32l4xx_hal_msp.o
 .debug_info    0x0002bd34     0x1bb0 Src/stm32l4xx_it.o
 .debug_info    0x0002d8e4      0xde9 Src/system_stm32l4xx.o
 .debug_info    0x0002e6cd       0xbd startup/startup_stm32l476xx.o

.debug_abbrev   0x00000000     0x4c07
 .debug_abbrev  0x00000000      0x2ec Drivers/STM32L4xx_HAL_Driver/Src/stm32l4xx_hal.o
 .debug_abbrev  0x000002ec      0x295 Drivers/STM32L4xx_HAL_Driver/Src/stm32l4xx_hal_adc.o
 .debug_abbrev  0x00000581      0x2d3 Drivers/STM32L4xx_HAL_Driver/Src/stm32l4xx_hal_adc_ex.o
 .debug_abbrev  0x00000854      0x3b8 Drivers/STM32L4xx_HAL_Driver/Src/stm32l4xx_hal_cortex.o
 .debug_abbrev  0x00000c0c      0x2e3 Drivers/STM32L4xx_HAL_Driver/Src/stm32l4xx_hal_dma.o
 .debug_abbrev  0x00000eef      0x2a5 Drivers/STM32L4xx_HAL_Driver/Src/stm32l4xx_hal_gpio.o
 .debug_abbrev  0x00001194      0x2dd Drivers/STM32L4xx_HAL_Driver/Src/stm32l4xx_hal_i2c.o
 .debug_abbrev  0x00001471      0x255 Drivers/STM32L4xx_HAL_Driver/Src/stm32l4xx_hal_i2c_ex.o
 .debug_abbrev  0x000016c6      0x2d2 Drivers/STM32L4xx_HAL_Driver/Src/stm32l4xx_hal_pwr_ex.o
 .debug_abbrev  0x00001998      0x308 Drivers/STM32L4xx_HAL_Driver/Src/stm32l4xx_hal_rcc.o
 .debug_abbrev  0x00001ca0      0x30a Drivers/STM32L4xx_HAL_Driver/Src/stm32l4xx_hal_rcc_ex.o
 .debug_abbrev  0x00001faa      0x2e9 Drivers/STM32L4xx_HAL_Driver/Src/stm32l4xx_hal_sd.o
 .debug_abbrev  0x00002293      0x2dc Drivers/STM32L4xx_HAL_Driver/Src/stm32l4xx_hal_tim.o
 .debug_abbrev  0x0000256f      0x2dc Drivers/STM32L4xx_HAL_Driver/Src/stm32l4xx_hal_tim_ex.o
 .debug_abbrev  0x0000284b      0x31f Drivers/STM32L4xx_HAL_Driver/Src/stm32l4xx_hal_uart.o
 .debug_abbrev  0x00002b6a      0x2be Drivers/STM32L4xx_HAL_Driver/Src/stm32l4xx_hal_uart_ex.o
 .debug_abbrev  0x00002e28      0x2b5 Drivers/STM32L4xx_HAL_Driver/Src/stm32l4xx_ll_sdmmc.o
 .debug_abbrev  0x000030dd      0x274 Middlewares/Third_Party/FatFs/src/ff_gen_drv.o
 .debug_abbrev  0x00003351      0x35e STM32_Library/HD44780-master/hd44780.o
 .debug_abbrev  0x000036af      0x23d STM32_Library/PCF8574-master/pcf8574.o
 .debug_abbrev  0x000038ec      0x2f4 Src/bsp_driver_sd.o
 .debug_abbrev  0x00003be0      0x23d Src/fatfs.o
 .debug_abbrev  0x00003e1d      0x3bc Src/main.o
 .debug_abbrev  0x000041d9      0x300 Src/sd_diskio.o
 .debug_abbrev  0x000044d9      0x2b3 Src/stm32l4xx_hal_msp.o
 .debug_abbrev  0x0000478c      0x243 Src/stm32l4xx_it.o
 .debug_abbrev  0x000049cf      0x226 Src/system_stm32l4xx.o
 .debug_abbrev  0x00004bf5       0x12 startup/startup_stm32l476xx.o

.debug_loc      0x00000000    0x14a0c
 .debug_loc     0x00000000       0xf8 Drivers/STM32L4xx_HAL_Driver/Src/stm32l4xx_hal.o
 .debug_loc     0x000000f8      0xee5 Drivers/STM32L4xx_HAL_Driver/Src/stm32l4xx_hal_adc.o
 .debug_loc     0x00000fdd      0xec2 Drivers/STM32L4xx_HAL_Driver/Src/stm32l4xx_hal_adc_ex.o
 .debug_loc     0x00001e9f      0x5ad Drivers/STM32L4xx_HAL_Driver/Src/stm32l4xx_hal_cortex.o
 .debug_loc     0x0000244c      0x774 Drivers/STM32L4xx_HAL_Driver/Src/stm32l4xx_hal_dma.o
 .debug_loc     0x00002bc0      0x33d Drivers/STM32L4xx_HAL_Driver/Src/stm32l4xx_hal_gpio.o
 .debug_loc     0x00002efd     0x3aed Drivers/STM32L4xx_HAL_Driver/Src/stm32l4xx_hal_i2c.o
 .debug_loc     0x000069ea      0x21c Drivers/STM32L4xx_HAL_Driver/Src/stm32l4xx_hal_i2c_ex.o
 .debug_loc     0x00006c06      0x8f5 Drivers/STM32L4xx_HAL_Driver/Src/stm32l4xx_hal_pwr_ex.o
 .debug_loc     0x000074fb      0x5d8 Drivers/STM32L4xx_HAL_Driver/Src/stm32l4xx_hal_rcc.o
 .debug_loc     0x00007ad3     0x1aed Drivers/STM32L4xx_HAL_Driver/Src/stm32l4xx_hal_rcc_ex.o
 .debug_loc     0x000095c0     0x1d37 Drivers/STM32L4xx_HAL_Driver/Src/stm32l4xx_hal_sd.o
 .debug_loc     0x0000b2f7     0x36be Drivers/STM32L4xx_HAL_Driver/Src/stm32l4xx_hal_tim.o
 .debug_loc     0x0000e9b5     0x164e Drivers/STM32L4xx_HAL_Driver/Src/stm32l4xx_hal_tim_ex.o
 .debug_loc     0x00010003     0x1838 Drivers/STM32L4xx_HAL_Driver/Src/stm32l4xx_hal_uart.o
 .debug_loc     0x0001183b      0x31c Drivers/STM32L4xx_HAL_Driver/Src/stm32l4xx_hal_uart_ex.o
 .debug_loc     0x00011b57     0x1078 Drivers/STM32L4xx_HAL_Driver/Src/stm32l4xx_ll_sdmmc.o
 .debug_loc     0x00012bcf      0x23f Middlewares/Third_Party/FatFs/src/ff_gen_drv.o
 .debug_loc     0x00012e0e      0xbf3 STM32_Library/HD44780-master/hd44780.o
 .debug_loc     0x00013a01      0x157 STM32_Library/PCF8574-master/pcf8574.o
 .debug_loc     0x00013b58      0x417 Src/bsp_driver_sd.o
 .debug_loc     0x00013f6f      0x205 Src/main.o
 .debug_loc     0x00014174      0x3fb Src/sd_diskio.o
 .debug_loc     0x0001456f      0x2b9 Src/stm32l4xx_hal_msp.o
 .debug_loc     0x00014828      0x1e4 Src/system_stm32l4xx.o

.debug_aranges  0x00000000     0x1858
 .debug_aranges
                0x00000000      0x118 Drivers/STM32L4xx_HAL_Driver/Src/stm32l4xx_hal.o
 .debug_aranges
                0x00000118       0xf8 Drivers/STM32L4xx_HAL_Driver/Src/stm32l4xx_hal_adc.o
 .debug_aranges
                0x00000210       0xf0 Drivers/STM32L4xx_HAL_Driver/Src/stm32l4xx_hal_adc_ex.o
 .debug_aranges
                0x00000300       0x98 Drivers/STM32L4xx_HAL_Driver/Src/stm32l4xx_hal_cortex.o
 .debug_aranges
                0x00000398       0x80 Drivers/STM32L4xx_HAL_Driver/Src/stm32l4xx_hal_dma.o
 .debug_aranges
                0x00000418       0x58 Drivers/STM32L4xx_HAL_Driver/Src/stm32l4xx_hal_gpio.o
 .debug_aranges
                0x00000470      0x260 Drivers/STM32L4xx_HAL_Driver/Src/stm32l4xx_hal_i2c.o
 .debug_aranges
                0x000006d0       0x48 Drivers/STM32L4xx_HAL_Driver/Src/stm32l4xx_hal_i2c_ex.o
 .debug_aranges
                0x00000718      0x148 Drivers/STM32L4xx_HAL_Driver/Src/stm32l4xx_hal_pwr_ex.o
 .debug_aranges
                0x00000860       0x88 Drivers/STM32L4xx_HAL_Driver/Src/stm32l4xx_hal_rcc.o
 .debug_aranges
                0x000008e8       0xb8 Drivers/STM32L4xx_HAL_Driver/Src/stm32l4xx_hal_rcc_ex.o
 .debug_aranges
                0x000009a0      0x168 Drivers/STM32L4xx_HAL_Driver/Src/stm32l4xx_hal_sd.o
 .debug_aranges
                0x00000b08      0x378 Drivers/STM32L4xx_HAL_Driver/Src/stm32l4xx_hal_tim.o
 .debug_aranges
                0x00000e80      0x150 Drivers/STM32L4xx_HAL_Driver/Src/stm32l4xx_hal_tim_ex.o
 .debug_aranges
                0x00000fd0      0x1f8 Drivers/STM32L4xx_HAL_Driver/Src/stm32l4xx_hal_uart.o
 .debug_aranges
                0x000011c8       0x50 Drivers/STM32L4xx_HAL_Driver/Src/stm32l4xx_hal_uart_ex.o
 .debug_aranges
                0x00001218      0x178 Drivers/STM32L4xx_HAL_Driver/Src/stm32l4xx_ll_sdmmc.o
 .debug_aranges
                0x00001390       0x40 Middlewares/Third_Party/FatFs/src/ff_gen_drv.o
 .debug_aranges
                0x000013d0       0xd0 STM32_Library/HD44780-master/hd44780.o
 .debug_aranges
                0x000014a0       0x40 STM32_Library/PCF8574-master/pcf8574.o
 .debug_aranges
                0x000014e0       0xb0 Src/bsp_driver_sd.o
 .debug_aranges
                0x00001590       0x28 Src/fatfs.o
 .debug_aranges
                0x000015b8      0x100 Src/main.o
 .debug_aranges
                0x000016b8       0x58 Src/sd_diskio.o
 .debug_aranges
                0x00001710       0x78 Src/stm32l4xx_hal_msp.o
 .debug_aranges
                0x00001788       0x80 Src/stm32l4xx_it.o
 .debug_aranges
                0x00001808       0x28 Src/system_stm32l4xx.o
 .debug_aranges
                0x00001830       0x28 startup/startup_stm32l476xx.o

.debug_ranges   0x00000000     0x17a0
 .debug_ranges  0x00000000      0x108 Drivers/STM32L4xx_HAL_Driver/Src/stm32l4xx_hal.o
 .debug_ranges  0x00000108       0xe8 Drivers/STM32L4xx_HAL_Driver/Src/stm32l4xx_hal_adc.o
 .debug_ranges  0x000001f0       0xe0 Drivers/STM32L4xx_HAL_Driver/Src/stm32l4xx_hal_adc_ex.o
 .debug_ranges  0x000002d0       0xe8 Drivers/STM32L4xx_HAL_Driver/Src/stm32l4xx_hal_cortex.o
 .debug_ranges  0x000003b8       0x70 Drivers/STM32L4xx_HAL_Driver/Src/stm32l4xx_hal_dma.o
 .debug_ranges  0x00000428       0x48 Drivers/STM32L4xx_HAL_Driver/Src/stm32l4xx_hal_gpio.o
 .debug_ranges  0x00000470      0x250 Drivers/STM32L4xx_HAL_Driver/Src/stm32l4xx_hal_i2c.o
 .debug_ranges  0x000006c0       0x38 Drivers/STM32L4xx_HAL_Driver/Src/stm32l4xx_hal_i2c_ex.o
 .debug_ranges  0x000006f8      0x138 Drivers/STM32L4xx_HAL_Driver/Src/stm32l4xx_hal_pwr_ex.o
 .debug_ranges  0x00000830       0x90 Drivers/STM32L4xx_HAL_Driver/Src/stm32l4xx_hal_rcc.o
 .debug_ranges  0x000008c0       0xc8 Drivers/STM32L4xx_HAL_Driver/Src/stm32l4xx_hal_rcc_ex.o
 .debug_ranges  0x00000988      0x158 Drivers/STM32L4xx_HAL_Driver/Src/stm32l4xx_hal_sd.o
 .debug_ranges  0x00000ae0      0x368 Drivers/STM32L4xx_HAL_Driver/Src/stm32l4xx_hal_tim.o
 .debug_ranges  0x00000e48      0x140 Drivers/STM32L4xx_HAL_Driver/Src/stm32l4xx_hal_tim_ex.o
 .debug_ranges  0x00000f88      0x1e8 Drivers/STM32L4xx_HAL_Driver/Src/stm32l4xx_hal_uart.o
 .debug_ranges  0x00001170       0x40 Drivers/STM32L4xx_HAL_Driver/Src/stm32l4xx_hal_uart_ex.o
 .debug_ranges  0x000011b0      0x168 Drivers/STM32L4xx_HAL_Driver/Src/stm32l4xx_ll_sdmmc.o
 .debug_ranges  0x00001318       0x30 Middlewares/Third_Party/FatFs/src/ff_gen_drv.o
 .debug_ranges  0x00001348      0x110 STM32_Library/HD44780-master/hd44780.o
 .debug_ranges  0x00001458       0x30 STM32_Library/PCF8574-master/pcf8574.o
 .debug_ranges  0x00001488       0xa0 Src/bsp_driver_sd.o
 .debug_ranges  0x00001528       0x18 Src/fatfs.o
 .debug_ranges  0x00001540      0x108 Src/main.o
 .debug_ranges  0x00001648       0x48 Src/sd_diskio.o
 .debug_ranges  0x00001690       0x68 Src/stm32l4xx_hal_msp.o
 .debug_ranges  0x000016f8       0x70 Src/stm32l4xx_it.o
 .debug_ranges  0x00001768       0x18 Src/system_stm32l4xx.o
 .debug_ranges  0x00001780       0x20 startup/startup_stm32l476xx.o

.debug_macro    0x00000000    0x2d0a3
 .debug_macro   0x00000000      0x3d9 Drivers/STM32L4xx_HAL_Driver/Src/stm32l4xx_hal.o
 .debug_macro   0x000003d9      0x8bc Drivers/STM32L4xx_HAL_Driver/Src/stm32l4xx_hal.o
 .debug_macro   0x00000c95       0x22 Drivers/STM32L4xx_HAL_Driver/Src/stm32l4xx_hal.o
 .debug_macro   0x00000cb7       0x52 Drivers/STM32L4xx_HAL_Driver/Src/stm32l4xx_hal.o
 .debug_macro   0x00000d09       0x8d Drivers/STM32L4xx_HAL_Driver/Src/stm32l4xx_hal.o
 .debug_macro   0x00000d96       0x35 Drivers/STM32L4xx_HAL_Driver/Src/stm32l4xx_hal.o
 .debug_macro   0x00000dcb       0x9c Drivers/STM32L4xx_HAL_Driver/Src/stm32l4xx_hal.o
 .debug_macro   0x00000e67      0x174 Drivers/STM32L4xx_HAL_Driver/Src/stm32l4xx_hal.o
 .debug_macro   0x00000fdb       0x57 Drivers/STM32L4xx_HAL_Driver/Src/stm32l4xx_hal.o
 .debug_macro   0x00001032       0x58 Drivers/STM32L4xx_HAL_Driver/Src/stm32l4xx_hal.o
 .debug_macro   0x0000108a       0x1f Drivers/STM32L4xx_HAL_Driver/Src/stm32l4xx_hal.o
 .debug_macro   0x000010a9       0x43 Drivers/STM32L4xx_HAL_Driver/Src/stm32l4xx_hal.o
 .debug_macro   0x000010ec       0x20 Drivers/STM32L4xx_HAL_Driver/Src/stm32l4xx_hal.o
 .debug_macro   0x0000110c      0x187 Drivers/STM32L4xx_HAL_Driver/Src/stm32l4xx_hal.o
 .debug_macro   0x00001293      0x330 Drivers/STM32L4xx_HAL_Driver/Src/stm32l4xx_hal.o
 .debug_macro   0x000015c3       0x10 Drivers/STM32L4xx_HAL_Driver/Src/stm32l4xx_hal.o
 .debug_macro   0x000015d3       0x35 Drivers/STM32L4xx_HAL_Driver/Src/stm32l4xx_hal.o
 .debug_macro   0x00001608       0x1c Drivers/STM32L4xx_HAL_Driver/Src/stm32l4xx_hal.o
 .debug_macro   0x00001624       0x10 Drivers/STM32L4xx_HAL_Driver/Src/stm32l4xx_hal.o
 .debug_macro   0x00001634       0x10 Drivers/STM32L4xx_HAL_Driver/Src/stm32l4xx_hal.o
 .debug_macro   0x00001644       0x6a Drivers/STM32L4xx_HAL_Driver/Src/stm32l4xx_hal.o
 .debug_macro   0x000016ae       0x1c Drivers/STM32L4xx_HAL_Driver/Src/stm32l4xx_hal.o
 .debug_macro   0x000016ca       0x52 Drivers/STM32L4xx_HAL_Driver/Src/stm32l4xx_hal.o
 .debug_macro   0x0000171c       0x40 Drivers/STM32L4xx_HAL_Driver/Src/stm32l4xx_hal.o
 .debug_macro   0x0000175c       0x10 Drivers/STM32L4xx_HAL_Driver/Src/stm32l4xx_hal.o
 .debug_macro   0x0000176c       0x40 Drivers/STM32L4xx_HAL_Driver/Src/stm32l4xx_hal.o
 .debug_macro   0x000017ac       0xd7 Drivers/STM32L4xx_HAL_Driver/Src/stm32l4xx_hal.o
 .debug_macro   0x00001883       0x16 Drivers/STM32L4xx_HAL_Driver/Src/stm32l4xx_hal.o
 .debug_macro   0x00001899      0x18b Drivers/STM32L4xx_HAL_Driver/Src/stm32l4xx_hal.o
 .debug_macro   0x00001a24       0x7c Drivers/STM32L4xx_HAL_Driver/Src/stm32l4xx_hal.o
 .debug_macro   0x00001aa0       0xc0 Drivers/STM32L4xx_HAL_Driver/Src/stm32l4xx_hal.o
 .debug_macro   0x00001b60       0x2e Drivers/STM32L4xx_HAL_Driver/Src/stm32l4xx_hal.o